#
# There is insufficient memory for the Java Runtime Environment to continue.
# Native memory allocation (malloc) failed to allocate 524304 bytes. Error detail: Chunk::new
# Possible reasons:
#   The system is out of physical RAM or swap space
#   This process is running with CompressedOops enabled, and the Java Heap may be blocking the growth of the native heap
# Possible solutions:
#   Reduce memory load on the system
#   Increase physical memory or swap space
#   Check if swap backing store is full
#   Decrease Java heap size (-Xmx/-Xms)
#   Decrease number of Java threads
#   Decrease Java thread stack sizes (-Xss)
#   Set larger code cache with -XX:ReservedCodeCacheSize=
#   JVM is running with Unscaled Compressed Oops mode in which the Java heap is
#     placed in the first 4GB address space. The Java Heap base address is the
#     maximum limit for the native heap growth. Please use -XX:HeapBaseMinAddress
#     to set the Java Heap base and to place the Java Heap above 4GB virtual address.
# This output file may be truncated or incomplete.
#
#  Out of Memory Error (arena.cpp:168), pid=6628, tid=19980
#
# JRE version: OpenJDK Runtime Environment Temurin-21.0.12.1+1 (21.0.12.1+1) (build 21.0.12.1+1-LTS)
# Java VM: OpenJDK 64-Bit Server VM Temurin-21.0.12.1+1 (21.0.12.1+1-LTS, mixed mode, sharing, tiered, compressed oops, compressed class ptrs, parallel gc, windows-amd64)
# No core dump will be written. Minidumps are not enabled by default on client versions of Windows
#

---------------  S U M M A R Y ------------

Command Line: --add-modules=ALL-SYSTEM --add-opens=java.base/java.util=ALL-UNNAMED --add-opens=java.base/java.lang=ALL-UNNAMED --add-opens=java.base/sun.nio.fs=ALL-UNNAMED -Declipse.application=org.eclipse.jdt.ls.core.id1 -Dosgi.bundles.defaultStartLevel=4 -Declipse.product=org.eclipse.jdt.ls.core.product -Djava.import.generatesMetadataFilesAtProjectRoot=false -Dm2e.project.cache.size=50 -DDetectVMInstallationsJob.disabled=true -Dfile.encoding=utf8 -XX:+UseParallelGC -XX:GCTimeRatio=4 -XX:AdaptiveSizePolicyWeight=90 -Dsun.zip.disableMemoryMapping=true -Xmx2G -Xms100m -Xlog:disable -javaagent:c:\Users\user\.vscode\extensions\redhat.java-1.56.0-win32-x64\lombok\lombok-1.18.39-4050.jar -XX:+HeapDumpOnOutOfMemoryError -XX:HeapDumpPath=c:\Users\user\AppData\Roaming\Code\User\workspaceStorage\770e35ca86616f1eaf69979a4e76e1bf\redhat.java -Daether.dependencyCollector.impl=bf c:\Users\user\.vscode\extensions\redhat.java-1.56.0-win32-x64\server\plugins\org.eclipse.equinox.launcher_1.8.0.v20260804-1928.jar -configuration c:\Users\user\AppData\Roaming\Code\User\globalStorage\redhat.java\1.56.0\config_win -data c:\Users\user\AppData\Roaming\Code\User\workspaceStorage\770e35ca86616f1eaf69979a4e76e1bf\redhat.java\jdt_ws --stdio

Host: 11th Gen Intel(R) Core(TM) i3-1115G4 @ 3.00GHz, 4 cores, 7G,  Windows 11 , 64 bit Build 26100 (10.0.26100.7705)
Time: Sun Sep 27 23:28:27 2026 SE Asia Standard Time elapsed time: 61.213671 seconds (0d 0h 1m 1s)

---------------  T H R E A D  ---------------

Current thread (0x00000267783ef060):  JavaThread "C2 CompilerThread0" daemon [_thread_in_native, id=19980, stack(0x0000008864c00000,0x0000008864d00000) (1024K)]


Current CompileTask:
C2:61213 9558       4       org.eclipse.jdt.internal.core.search.indexing.BinaryIndexer::extractReferenceFromConstantPool (358 bytes)

Stack: [0x0000008864c00000,0x0000008864d00000]
Native frames: (J=compiled Java code, j=interpreted, Vv=VM code, C=native code)
V  [jvm.dll+0x6d83e9]
V  [jvm.dll+0x8b5736]
V  [jvm.dll+0x8b7cee]
V  [jvm.dll+0x8b83d3]
V  [jvm.dll+0x284596]
V  [jvm.dll+0xc685d]
V  [jvm.dll+0xc6da1]
V  [jvm.dll+0x6ff435]
V  [jvm.dll+0x6ff895]
V  [jvm.dll+0x701acd]
V  [jvm.dll+0x6ffe83]
V  [jvm.dll+0x255da3]
V  [jvm.dll+0x25612d]
V  [jvm.dll+0x24e6a0]
V  [jvm.dll+0x24bbe6]
V  [jvm.dll+0x1cb4ae]
V  [jvm.dll+0x25baad]
V  [jvm.dll+0x25a03a]
V  [jvm.dll+0x3f8aae]
V  [jvm.dll+0x8600cd]
V  [jvm.dll+0x6d6c1d]
C  [ucrtbase.dll+0x37b0]
C  [KERNEL32.DLL+0x2e8d7]
C  [ntdll.dll+0x8c40c]


---------------  P R O C E S S  ---------------

Threads class SMR info:
_java_thread_list=0x000002674253e880, length=37, elements={
0x0000026761c8b3b0, 0x00000267783c6420, 0x00000267783c7240, 0x00000267783cdd40,
0x00000267783d5800, 0x00000267783d60f0, 0x00000267783db190, 0x00000267783ef060,
0x0000026778415170, 0x000002677933fd40, 0x0000026779341780, 0x00000267793424a0,
0x000002677933f6b0, 0x0000026779340a60, 0x000002677933f020, 0x00000267793410f0,
0x0000026779341e10, 0x000002677e22fc10, 0x000002677e230fc0, 0x000002677e22f580,
0x000002677e2302a0, 0x000002677e231650, 0x000002677e230930, 0x000002677e232370,
0x000002677e22eef0, 0x000002677e234ad0, 0x000002677e236510, 0x000002677e2357f0,
0x000002677e233720, 0x00000267415ca5e0, 0x00000267415c9230, 0x00000267415c8ba0,
0x00000267415cac70, 0x00000267415c77f0, 0x00000267415cb300, 0x00000267415cd3d0,
0x000002677feae400
}

Java Threads: ( => current thread )
  0x0000026761c8b3b0 JavaThread "main"                              [_thread_blocked, id=8020, stack(0x0000008864200000,0x0000008864300000) (1024K)]
  0x00000267783c6420 JavaThread "Reference Handler"          daemon [_thread_blocked, id=19804, stack(0x0000008864600000,0x0000008864700000) (1024K)]
  0x00000267783c7240 JavaThread "Finalizer"                  daemon [_thread_blocked, id=10684, stack(0x0000008864700000,0x0000008864800000) (1024K)]
  0x00000267783cdd40 JavaThread "Signal Dispatcher"          daemon [_thread_blocked, id=15504, stack(0x0000008864800000,0x0000008864900000) (1024K)]
  0x00000267783d5800 JavaThread "Attach Listener"            daemon [_thread_blocked, id=22132, stack(0x0000008864900000,0x0000008864a00000) (1024K)]
  0x00000267783d60f0 JavaThread "Service Thread"             daemon [_thread_blocked, id=16692, stack(0x0000008864a00000,0x0000008864b00000) (1024K)]
  0x00000267783db190 JavaThread "Monitor Deflation Thread"   daemon [_thread_blocked, id=5384, stack(0x0000008864b00000,0x0000008864c00000) (1024K)]
=>0x00000267783ef060 JavaThread "C2 CompilerThread0"         daemon [_thread_in_native, id=19980, stack(0x0000008864c00000,0x0000008864d00000) (1024K)]
  0x0000026778415170 JavaThread "C1 CompilerThread0"         daemon [_thread_blocked, id=8972, stack(0x0000008864d00000,0x0000008864e00000) (1024K)]
  0x000002677933fd40 JavaThread "Common-Cleaner"             daemon [_thread_blocked, id=15080, stack(0x0000008864e00000,0x0000008864f00000) (1024K)]
  0x0000026779341780 JavaThread "Notification Thread"        daemon [_thread_blocked, id=17712, stack(0x0000008865000000,0x0000008865100000) (1024K)]
  0x00000267793424a0 JavaThread "Active Thread: Equinox Container: 64b9971a-dbe0-4b7a-a08c-59952df9ac83"        [_thread_blocked, id=16676, stack(0x0000008865400000,0x0000008865500000) (1024K)]
  0x000002677933f6b0 JavaThread "Refresh Thread: Equinox Container: 64b9971a-dbe0-4b7a-a08c-59952df9ac83" daemon [_thread_blocked, id=14492, stack(0x0000008865500000,0x0000008865600000) (1024K)]
  0x0000026779340a60 JavaThread "Framework Event Dispatcher: Equinox Container: 64b9971a-dbe0-4b7a-a08c-59952df9ac83" daemon [_thread_blocked, id=20720, stack(0x0000008865600000,0x0000008865700000) (1024K)]
  0x000002677933f020 JavaThread "Start Level: Equinox Container: 64b9971a-dbe0-4b7a-a08c-59952df9ac83" daemon [_thread_blocked, id=9348, stack(0x0000008864f00000,0x0000008865000000) (1024K)]
  0x00000267793410f0 JavaThread "Bundle File Closer"         daemon [_thread_blocked, id=18320, stack(0x0000008865700000,0x0000008865800000) (1024K)]
  0x0000026779341e10 JavaThread "SCR Component Actor"        daemon [_thread_blocked, id=18544, stack(0x0000008865800000,0x0000008865900000) (1024K)]
  0x000002677e22fc10 JavaThread "Worker-JM"                         [_thread_blocked, id=16076, stack(0x0000008865900000,0x0000008865a00000) (1024K)]
  0x000002677e230fc0 JavaThread "Worker-0"                          [_thread_blocked, id=16576, stack(0x0000008865a00000,0x0000008865b00000) (1024K)]
  0x000002677e22f580 JavaThread "Worker-1"                          [_thread_blocked, id=16816, stack(0x0000008865b00000,0x0000008865c00000) (1024K)]
  0x000002677e2302a0 JavaThread "Worker-2: Java indexing... "        [_thread_blocked, id=13108, stack(0x0000008865d00000,0x0000008865e00000) (1024K)]
  0x000002677e231650 JavaThread "Worker-3"                          [_thread_blocked, id=7184, stack(0x0000008865e00000,0x0000008865f00000) (1024K)]
  0x000002677e230930 JavaThread "Java indexing"              daemon [_thread_blocked, id=4384, stack(0x0000008865f00000,0x0000008866000000) (1024K)]
  0x000002677e232370 JavaThread "JNA Cleaner"                daemon [_thread_blocked, id=12220, stack(0x0000008866000000,0x0000008866100000) (1024K)]
  0x000002677e22eef0 JavaThread "Worker-4"                          [_thread_blocked, id=18200, stack(0x0000008866300000,0x0000008866400000) (1024K)]
  0x000002677e234ad0 JavaThread "Worker-5: Check JDK Index"         [_thread_blocked, id=12720, stack(0x0000008866400000,0x0000008866500000) (1024K)]
  0x000002677e236510 JavaThread "pool-2-thread-1"                   [_thread_blocked, id=7440, stack(0x0000008866500000,0x0000008866600000) (1024K)]
  0x000002677e2357f0 JavaThread "WorkspaceEventsHandler"            [_thread_blocked, id=20148, stack(0x0000008866600000,0x0000008866700000) (1024K)]
  0x000002677e233720 JavaThread "pool-1-thread-1"                   [_thread_blocked, id=3680, stack(0x0000008866700000,0x0000008866800000) (1024K)]
  0x00000267415ca5e0 JavaThread "ForkJoinPool.commonPool-worker-1" daemon [_thread_blocked, id=20612, stack(0x0000008866a00000,0x0000008866b00000) (1024K)]
  0x00000267415c9230 JavaThread "ForkJoinPool.commonPool-worker-2" daemon [_thread_blocked, id=8944, stack(0x0000008866b00000,0x0000008866c00000) (1024K)]
  0x00000267415c8ba0 JavaThread "ForkJoinPool.commonPool-worker-3" daemon [_thread_blocked, id=22048, stack(0x0000008866c00000,0x0000008866d00000) (1024K)]
  0x00000267415cac70 JavaThread "Compiler Source File Reader" daemon [_thread_blocked, id=21328, stack(0x0000008866d00000,0x0000008866e00000) (1024K)]
  0x00000267415c77f0 JavaThread "Compiler Processing Task"   daemon [_thread_blocked, id=8220, stack(0x0000008866e00000,0x0000008866f00000) (1024K)]
  0x00000267415cb300 JavaThread "Cleaner-0"                  daemon [_thread_blocked, id=22508, stack(0x0000008866900000,0x0000008866a00000) (1024K)]
  0x00000267415cd3d0 JavaThread "PatternSearchJob-worker-1"  daemon [_thread_blocked, id=4992, stack(0x0000008864100000,0x0000008864200000) (1024K)]
  0x000002677feae400 JavaThread "C2 CompilerThread1"         daemon [_thread_in_native, id=5840, stack(0x0000008865c00000,0x0000008865d00000) (1024K)]
Total: 37

Other Threads:
  0x0000026761d4a840 VMThread "VM Thread"                           [id=3540, stack(0x0000008864500000,0x0000008864600000) (1024K)]
  0x0000026761cf9850 WatcherThread "VM Periodic Task Thread"        [id=2452, stack(0x0000008864400000,0x0000008864500000) (1024K)]
  0x0000026761caa450 WorkerThread "GC Thread#0"                     [id=17372, stack(0x0000008864300000,0x0000008864400000) (1024K)]
  0x00000267796db930 WorkerThread "GC Thread#1"                     [id=8144, stack(0x0000008865100000,0x0000008865200000) (1024K)]
  0x00000267796dfea0 WorkerThread "GC Thread#2"                     [id=25556, stack(0x0000008865200000,0x0000008865300000) (1024K)]
  0x00000267796e0250 WorkerThread "GC Thread#3"                     [id=6368, stack(0x0000008865300000,0x0000008865400000) (1024K)]
Total: 6

Threads with active compile tasks:
C2 CompilerThread0  61248 9558       4       org.eclipse.jdt.internal.core.search.indexing.BinaryIndexer::extractReferenceFromConstantPool (358 bytes)
C2 CompilerThread1  61248 9589   !   4       org.eclipse.jdt.internal.core.search.indexing.BinaryIndexer::indexDocument (1172 bytes)
Total: 2

VM state: not at safepoint (normal execution)

VM Mutex/Monitor currently owned by a thread:  ([mutex/lock_event])
[0x00007ffd4f74f6b0] Heap_lock - owner thread: 0x000002677e230930

Heap address: 0x0000000080000000, size: 2048 MB, Compressed Oops mode: 32-bit

CDS archive(s) mapped at: [0x0000026700000000-0x0000026700ba0000-0x0000026700ba0000), size 12189696, SharedBaseAddress: 0x0000026700000000, ArchiveRelocationMode: 1.
Compressed class space mapped at: 0x0000026701000000-0x0000026741000000, reserved size: 1073741824
Narrow klass base: 0x0000026700000000, Narrow klass shift: 0, Narrow klass range: 0x100000000

GC Precious Log:
 CardTable entry size: 512
 CPUs: 4 total, 4 available
 Memory: 7886M
 Large Page Support: Disabled
 NUMA Support: Disabled
 Compressed Oops: Enabled (32-bit)
 Alignments: Space 512K, Generation 512K, Heap 2M
 Heap Min Capacity: 100M
 Heap Initial Capacity: 100M
 Heap Max Capacity: 2G
 Pre-touch: Disabled
 Parallel Workers: 4

Heap:
 PSYoungGen      total 1536K, used 224K [0x00000000d5580000, 0x00000000d5800000, 0x0000000100000000)
  eden space 1024K, 0% used [0x00000000d5580000,0x00000000d5580020,0x00000000d5680000)
  from space 512K, 43% used [0x00000000d5780000,0x00000000d57b8000,0x00000000d5800000)
  to   space 512K, 0% used [0x00000000d5700000,0x00000000d5700000,0x00000000d5780000)
 ParOldGen       total 397824K, used 397315K [0x0000000080000000, 0x0000000098480000, 0x00000000d5580000)
  object space 397824K, 99% used [0x0000000080000000,0x0000000098400fb0,0x0000000098480000)
 Metaspace       used 67629K, committed 69120K, reserved 1114112K
  class space    used 7265K, committed 7936K, reserved 1048576K

Card table byte_map: [0x0000026761540000,0x0000026761950000] _byte_map_base: 0x0000026761140000

Marking Bits: (ParMarkBitMap*) 0x00007ffd4f7544a0
 Begin Bits: [0x0000026773e90000, 0x0000026775e90000)
 End Bits:   [0x0000026775e90000, 0x0000026777e90000)

Polling page: 0x000002675fa40000

Metaspace:

Usage:
  Non-class:     58.95 MB used.
      Class:      7.09 MB used.
       Both:     66.04 MB used.

Virtual space:
  Non-class space:       64.00 MB reserved,      59.75 MB ( 93%) committed,  1 nodes.
      Class space:        1.00 GB reserved,       7.75 MB ( <1%) committed,  1 nodes.
             Both:        1.06 GB reserved,      67.50 MB (  6%) committed. 

Chunk freelists:
   Non-Class:  3.70 MB
       Class:  8.29 MB
        Both:  12.00 MB

MaxMetaspaceSize: unlimited
CompressedClassSpaceSize: 1.00 GB
Initial GC threshold: 21.00 MB
Current GC threshold: 97.31 MB
CDS: on
 - commit_granule_bytes: 65536.
 - commit_granule_words: 8192.
 - virtual_space_node_default_size: 8388608.
 - enlarge_chunks_in_place: 1.
 - use_allocation_guard: 0.


Internal statistics:

num_allocs_failed_limit: 9.
num_arena_births: 1030.
num_arena_deaths: 18.
num_vsnodes_births: 2.
num_vsnodes_deaths: 0.
num_space_committed: 1080.
num_space_uncommitted: 0.
num_chunks_returned_to_freelist: 28.
num_chunks_taken_from_freelist: 3935.
num_chunk_merges: 14.
num_chunk_splits: 2452.
num_chunks_enlarged: 1449.
num_inconsistent_stats: 0.

CodeHeap 'non-profiled nmethods': size=120000Kb used=7527Kb max_used=7527Kb free=112472Kb
 bounds [0x000002676c960000, 0x000002676d0c0000, 0x0000026773e90000]
CodeHeap 'profiled nmethods': size=120000Kb used=20066Kb max_used=20066Kb free=99934Kb
 bounds [0x0000026764e90000, 0x0000026766230000, 0x000002676c3c0000]
CodeHeap 'non-nmethods': size=5760Kb used=1489Kb max_used=1556Kb free=4270Kb
 bounds [0x000002676c3c0000, 0x000002676c630000, 0x000002676c960000]
CodeCache: size=245760Kb, used=29082Kb, max_used=29149Kb, free=216676Kb
 total_blobs=9591, nmethods=8794, adapters=702, full_count=0
Compilation: enabled, stopped_count=0, restarted_count=0

Compilation events (20 events):
Event: 61.096 Thread 0x000002677feae400 nmethod 9577 0x000002676d0b4190 code [0x000002676d0b4340, 0x000002676d0b4620]
Event: 61.096 Thread 0x000002677feae400 9579       4       org.eclipse.jdt.internal.core.search.indexing.AbstractIndexer::addTypeReference (17 bytes)
Event: 61.097 Thread 0x0000026778415170 9581       2       org.eclipse.jdt.internal.core.search.indexing.AbstractIndexer::addTypeDeclaration (109 bytes)
Event: 61.098 Thread 0x0000026778415170 nmethod 9581 0x0000026766224490 code [0x00000267662246c0, 0x0000026766224af8]
Event: 61.109 Thread 0x000002677feae400 nmethod 9579 0x000002676d0b4890 code [0x000002676d0b4a80, 0x000002676d0b51d8]
Event: 61.109 Thread 0x000002677feae400 9578       4       org.eclipse.jdt.internal.core.search.indexing.BinaryIndexer::addTypeReference (92 bytes)
Event: 61.120 Thread 0x0000026778415170 9584       3       java.lang.StringConcatHelper::newString (67 bytes)
Event: 61.121 Thread 0x0000026778415170 nmethod 9584 0x0000026766224e90 code [0x0000026766225100, 0x0000026766225a28]
Event: 61.126 Thread 0x000002677feae400 nmethod 9578 0x000002676d0b5710 code [0x000002676d0b5940, 0x000002676d0b6520]
Event: 61.127 Thread 0x000002677feae400 9583 % !   4       org.eclipse.jdt.internal.core.search.indexing.BinaryIndexer::indexDocument @ 956 (1172 bytes)
Event: 61.128 Thread 0x0000026778415170 9585       3       org.eclipse.jdt.internal.core.index.Index::containerRelativePath (54 bytes)
Event: 61.129 Thread 0x0000026778415170 nmethod 9585 0x0000026766225d90 code [0x0000026766225fc0, 0x0000026766226690]
Event: 61.137 Thread 0x0000026778415170 9586       2       org.eclipse.jdt.internal.core.search.indexing.AbstractIndexer::addClassDeclaration (129 bytes)
Event: 61.139 Thread 0x0000026778415170 nmethod 9586 0x0000026766226990 code [0x0000026766226c60, 0x0000026766227490]
Event: 61.142 Thread 0x0000026778415170 9587       2       org.eclipse.jdt.internal.core.search.indexing.AbstractIndexer::addConstructorDeclaration (97 bytes)
Event: 61.143 Thread 0x0000026778415170 nmethod 9587 0x0000026766227d90 code [0x0000026766227fa0, 0x0000026766228418]
Event: 61.144 Thread 0x000002677feae400 nmethod 9583% 0x000002676d0b6c90 code [0x000002676d0b6f00, 0x000002676d0b7998]
Event: 61.145 Thread 0x000002677feae400 9574       4       org.eclipse.jdt.internal.core.search.indexing.AbstractIndexer::addMethodReference (13 bytes)
Event: 61.175 Thread 0x000002677feae400 nmethod 9574 0x000002676d0b8210 code [0x000002676d0b8460, 0x000002676d0b9500]
Event: 61.176 Thread 0x000002677feae400 9589   !   4       org.eclipse.jdt.internal.core.search.indexing.BinaryIndexer::indexDocument (1172 bytes)

GC Heap History (20 events):
Event: 60.932 GC heap before
{Heap before GC invocations=317 (full 3):
 PSYoungGen      total 2048K, used 1839K [0x00000000d5580000, 0x00000000d5880000, 0x0000000100000000)
  eden space 1024K, 98% used [0x00000000d5580000,0x00000000d567bd68,0x00000000d5680000)
  from space 1024K, 81% used [0x00000000d5680000,0x00000000d5750000,0x00000000d5780000)
  to   space 1024K, 0% used [0x00000000d5780000,0x00000000d5780000,0x00000000d5880000)
 ParOldGen       total 394752K, used 394610K [0x0000000080000000, 0x0000000098180000, 0x00000000d5580000)
  object space 394752K, 99% used [0x0000000080000000,0x000000009815cba0,0x0000000098180000)
 Metaspace       used 67528K, committed 68992K, reserved 1114112K
  class space    used 7250K, committed 7872K, reserved 1048576K
}
Event: 60.934 GC heap after
{Heap after GC invocations=317 (full 3):
 PSYoungGen      total 2048K, used 416K [0x00000000d5580000, 0x00000000d5880000, 0x0000000100000000)
  eden space 1024K, 0% used [0x00000000d5580000,0x00000000d5580000,0x00000000d5680000)
  from space 1024K, 40% used [0x00000000d5780000,0x00000000d57e8000,0x00000000d5880000)
  to   space 1024K, 0% used [0x00000000d5680000,0x00000000d5680000,0x00000000d5780000)
 ParOldGen       total 395776K, used 395410K [0x0000000080000000, 0x0000000098280000, 0x00000000d5580000)
  object space 395776K, 99% used [0x0000000080000000,0x0000000098224ba0,0x0000000098280000)
 Metaspace       used 67528K, committed 68992K, reserved 1114112K
  class space    used 7250K, committed 7872K, reserved 1048576K
}
Event: 61.047 GC heap before
{Heap before GC invocations=318 (full 3):
 PSYoungGen      total 2048K, used 1439K [0x00000000d5580000, 0x00000000d5880000, 0x0000000100000000)
  eden space 1024K, 99% used [0x00000000d5580000,0x00000000d567fff8,0x00000000d5680000)
  from space 1024K, 40% used [0x00000000d5780000,0x00000000d57e8000,0x00000000d5880000)
  to   space 1024K, 0% used [0x00000000d5680000,0x00000000d5680000,0x00000000d5780000)
 ParOldGen       total 395776K, used 395410K [0x0000000080000000, 0x0000000098280000, 0x00000000d5580000)
  object space 395776K, 99% used [0x0000000080000000,0x0000000098224ba0,0x0000000098280000)
 Metaspace       used 67627K, committed 69120K, reserved 1114112K
  class space    used 7265K, committed 7936K, reserved 1048576K
}
Event: 61.049 GC heap after
{Heap after GC invocations=318 (full 3):
 PSYoungGen      total 2048K, used 160K [0x00000000d5580000, 0x00000000d5800000, 0x0000000100000000)
  eden space 1024K, 0% used [0x00000000d5580000,0x00000000d5580000,0x00000000d5680000)
  from space 1024K, 15% used [0x00000000d5680000,0x00000000d56a8000,0x00000000d5780000)
  to   space 512K, 0% used [0x00000000d5780000,0x00000000d5780000,0x00000000d5800000)
 ParOldGen       total 395776K, used 395762K [0x0000000080000000, 0x0000000098280000, 0x00000000d5580000)
  object space 395776K, 99% used [0x0000000080000000,0x000000009827cba0,0x0000000098280000)
 Metaspace       used 67627K, committed 69120K, reserved 1114112K
  class space    used 7265K, committed 7936K, reserved 1048576K
}
Event: 61.083 GC heap before
{Heap before GC invocations=319 (full 3):
 PSYoungGen      total 2048K, used 1184K [0x00000000d5580000, 0x00000000d5800000, 0x0000000100000000)
  eden space 1024K, 100% used [0x00000000d5580000,0x00000000d5680000,0x00000000d5680000)
  from space 1024K, 15% used [0x00000000d5680000,0x00000000d56a8000,0x00000000d5780000)
  to   space 512K, 0% used [0x00000000d5780000,0x00000000d5780000,0x00000000d5800000)
 ParOldGen       total 395776K, used 395762K [0x0000000080000000, 0x0000000098280000, 0x00000000d5580000)
  object space 395776K, 99% used [0x0000000080000000,0x000000009827cba0,0x0000000098280000)
 Metaspace       used 67629K, committed 69120K, reserved 1114112K
  class space    used 7265K, committed 7936K, reserved 1048576K
}
Event: 61.086 GC heap after
{Heap after GC invocations=319 (full 3):
 PSYoungGen      total 1536K, used 256K [0x00000000d5580000, 0x00000000d5800000, 0x0000000100000000)
  eden space 1024K, 0% used [0x00000000d5580000,0x00000000d5580000,0x00000000d5680000)
  from space 512K, 50% used [0x00000000d5780000,0x00000000d57c0000,0x00000000d5800000)
  to   space 512K, 0% used [0x00000000d5700000,0x00000000d5700000,0x00000000d5780000)
 ParOldGen       total 396288K, used 395866K [0x0000000080000000, 0x0000000098300000, 0x00000000d5580000)
  object space 396288K, 99% used [0x0000000080000000,0x0000000098296ba0,0x0000000098300000)
 Metaspace       used 67629K, committed 69120K, reserved 1114112K
  class space    used 7265K, committed 7936K, reserved 1048576K
}
Event: 61.101 GC heap before
{Heap before GC invocations=320 (full 3):
 PSYoungGen      total 1536K, used 1280K [0x00000000d5580000, 0x00000000d5800000, 0x0000000100000000)
  eden space 1024K, 100% used [0x00000000d5580000,0x00000000d5680000,0x00000000d5680000)
  from space 512K, 50% used [0x00000000d5780000,0x00000000d57c0000,0x00000000d5800000)
  to   space 512K, 0% used [0x00000000d5700000,0x00000000d5700000,0x00000000d5780000)
 ParOldGen       total 396288K, used 395866K [0x0000000080000000, 0x0000000098300000, 0x00000000d5580000)
  object space 396288K, 99% used [0x0000000080000000,0x0000000098296ba0,0x0000000098300000)
 Metaspace       used 67629K, committed 69120K, reserved 1114112K
  class space    used 7265K, committed 7936K, reserved 1048576K
}
Event: 61.103 GC heap after
{Heap after GC invocations=320 (full 3):
 PSYoungGen      total 1536K, used 256K [0x00000000d5580000, 0x00000000d5800000, 0x0000000100000000)
  eden space 1024K, 0% used [0x00000000d5580000,0x00000000d5580000,0x00000000d5680000)
  from space 512K, 50% used [0x00000000d5700000,0x00000000d5740000,0x00000000d5780000)
  to   space 512K, 0% used [0x00000000d5780000,0x00000000d5780000,0x00000000d5800000)
 ParOldGen       total 396288K, used 396042K [0x0000000080000000, 0x0000000098300000, 0x00000000d5580000)
  object space 396288K, 99% used [0x0000000080000000,0x00000000982c2ba0,0x0000000098300000)
 Metaspace       used 67629K, committed 69120K, reserved 1114112K
  class space    used 7265K, committed 7936K, reserved 1048576K
}
Event: 61.132 GC heap before
{Heap before GC invocations=321 (full 3):
 PSYoungGen      total 1536K, used 1280K [0x00000000d5580000, 0x00000000d5800000, 0x0000000100000000)
  eden space 1024K, 100% used [0x00000000d5580000,0x00000000d5680000,0x00000000d5680000)
  from space 512K, 50% used [0x00000000d5700000,0x00000000d5740000,0x00000000d5780000)
  to   space 512K, 0% used [0x00000000d5780000,0x00000000d5780000,0x00000000d5800000)
 ParOldGen       total 396288K, used 396042K [0x0000000080000000, 0x0000000098300000, 0x00000000d5580000)
  object space 396288K, 99% used [0x0000000080000000,0x00000000982c2ba0,0x0000000098300000)
 Metaspace       used 67629K, committed 69120K, reserved 1114112K
  class space    used 7265K, committed 7936K, reserved 1048576K
}
Event: 61.134 GC heap after
{Heap after GC invocations=321 (full 3):
 PSYoungGen      total 1536K, used 219K [0x00000000d5580000, 0x00000000d5800000, 0x0000000100000000)
  eden space 1024K, 0% used [0x00000000d5580000,0x00000000d5580000,0x00000000d5680000)
  from space 512K, 42% used [0x00000000d5780000,0x00000000d57b6c08,0x00000000d5800000)
  to   space 512K, 0% used [0x00000000d5700000,0x00000000d5700000,0x00000000d5780000)
 ParOldGen       total 396288K, used 396218K [0x0000000080000000, 0x0000000098300000, 0x00000000d5580000)
  object space 396288K, 99% used [0x0000000080000000,0x00000000982eeba0,0x0000000098300000)
 Metaspace       used 67629K, committed 69120K, reserved 1114112K
  class space    used 7265K, committed 7936K, reserved 1048576K
}
Event: 61.150 GC heap before
{Heap before GC invocations=322 (full 3):
 PSYoungGen      total 1536K, used 1243K [0x00000000d5580000, 0x00000000d5800000, 0x0000000100000000)
  eden space 1024K, 100% used [0x00000000d5580000,0x00000000d5680000,0x00000000d5680000)
  from space 512K, 42% used [0x00000000d5780000,0x00000000d57b6c08,0x00000000d5800000)
  to   space 512K, 0% used [0x00000000d5700000,0x00000000d5700000,0x00000000d5780000)
 ParOldGen       total 396288K, used 396218K [0x0000000080000000, 0x0000000098300000, 0x00000000d5580000)
  object space 396288K, 99% used [0x0000000080000000,0x00000000982eeba0,0x0000000098300000)
 Metaspace       used 67629K, committed 69120K, reserved 1114112K
  class space    used 7265K, committed 7936K, reserved 1048576K
}
Event: 61.151 GC heap after
{Heap after GC invocations=322 (full 3):
 PSYoungGen      total 1536K, used 224K [0x00000000d5580000, 0x00000000d5800000, 0x0000000100000000)
  eden space 1024K, 0% used [0x00000000d5580000,0x00000000d5580000,0x00000000d5680000)
  from space 512K, 43% used [0x00000000d5700000,0x00000000d5738000,0x00000000d5780000)
  to   space 512K, 0% used [0x00000000d5780000,0x00000000d5780000,0x00000000d5800000)
 ParOldGen       total 396800K, used 396405K [0x0000000080000000, 0x0000000098380000, 0x00000000d5580000)
  object space 396800K, 99% used [0x0000000080000000,0x000000009831d7a8,0x0000000098380000)
 Metaspace       used 67629K, committed 69120K, reserved 1114112K
  class space    used 7265K, committed 7936K, reserved 1048576K
}
Event: 61.159 GC heap before
{Heap before GC invocations=323 (full 3):
 PSYoungGen      total 1536K, used 1248K [0x00000000d5580000, 0x00000000d5800000, 0x0000000100000000)
  eden space 1024K, 100% used [0x00000000d5580000,0x00000000d5680000,0x00000000d5680000)
  from space 512K, 43% used [0x00000000d5700000,0x00000000d5738000,0x00000000d5780000)
  to   space 512K, 0% used [0x00000000d5780000,0x00000000d5780000,0x00000000d5800000)
 ParOldGen       total 396800K, used 396405K [0x0000000080000000, 0x0000000098380000, 0x00000000d5580000)
  object space 396800K, 99% used [0x0000000080000000,0x000000009831d7a8,0x0000000098380000)
 Metaspace       used 67629K, committed 69120K, reserved 1114112K
  class space    used 7265K, committed 7936K, reserved 1048576K
}
Event: 61.161 GC heap after
{Heap after GC invocations=323 (full 3):
 PSYoungGen      total 1536K, used 256K [0x00000000d5580000, 0x00000000d5800000, 0x0000000100000000)
  eden space 1024K, 0% used [0x00000000d5580000,0x00000000d5580000,0x00000000d5680000)
  from space 512K, 50% used [0x00000000d5780000,0x00000000d57c0000,0x00000000d5800000)
  to   space 512K, 0% used [0x00000000d5700000,0x00000000d5700000,0x00000000d5780000)
 ParOldGen       total 396800K, used 396589K [0x0000000080000000, 0x0000000098380000, 0x00000000d5580000)
  object space 396800K, 99% used [0x0000000080000000,0x000000009834b7a8,0x0000000098380000)
 Metaspace       used 67629K, committed 69120K, reserved 1114112K
  class space    used 7265K, committed 7936K, reserved 1048576K
}
Event: 61.166 GC heap before
{Heap before GC invocations=324 (full 3):
 PSYoungGen      total 1536K, used 1260K [0x00000000d5580000, 0x00000000d5800000, 0x0000000100000000)
  eden space 1024K, 98% used [0x00000000d5580000,0x00000000d567b080,0x00000000d5680000)
  from space 512K, 50% used [0x00000000d5780000,0x00000000d57c0000,0x00000000d5800000)
  to   space 512K, 0% used [0x00000000d5700000,0x00000000d5700000,0x00000000d5780000)
 ParOldGen       total 396800K, used 396589K [0x0000000080000000, 0x0000000098380000, 0x00000000d5580000)
  object space 396800K, 99% used [0x0000000080000000,0x000000009834b7a8,0x0000000098380000)
 Metaspace       used 67629K, committed 69120K, reserved 1114112K
  class space    used 7265K, committed 7936K, reserved 1048576K
}
Event: 61.168 GC heap after
{Heap after GC invocations=324 (full 3):
 PSYoungGen      total 1536K, used 224K [0x00000000d5580000, 0x00000000d5800000, 0x0000000100000000)
  eden space 1024K, 0% used [0x00000000d5580000,0x00000000d5580000,0x00000000d5680000)
  from space 512K, 43% used [0x00000000d5700000,0x00000000d5738000,0x00000000d5780000)
  to   space 512K, 0% used [0x00000000d5780000,0x00000000d5780000,0x00000000d5800000)
 ParOldGen       total 396800K, used 396757K [0x0000000080000000, 0x0000000098380000, 0x00000000d5580000)
  object space 396800K, 99% used [0x0000000080000000,0x00000000983757a8,0x0000000098380000)
 Metaspace       used 67629K, committed 69120K, reserved 1114112K
  class space    used 7265K, committed 7936K, reserved 1048576K
}
Event: 61.186 GC heap before
{Heap before GC invocations=325 (full 3):
 PSYoungGen      total 1536K, used 1248K [0x00000000d5580000, 0x00000000d5800000, 0x0000000100000000)
  eden space 1024K, 100% used [0x00000000d5580000,0x00000000d5680000,0x00000000d5680000)
  from space 512K, 43% used [0x00000000d5700000,0x00000000d5738000,0x00000000d5780000)
  to   space 512K, 0% used [0x00000000d5780000,0x00000000d5780000,0x00000000d5800000)
 ParOldGen       total 396800K, used 396757K [0x0000000080000000, 0x0000000098380000, 0x00000000d5580000)
  object space 396800K, 99% used [0x0000000080000000,0x00000000983757a8,0x0000000098380000)
 Metaspace       used 67629K, committed 69120K, reserved 1114112K
  class space    used 7265K, committed 7936K, reserved 1048576K
}
Event: 61.189 GC heap after
{Heap after GC invocations=325 (full 3):
 PSYoungGen      total 1536K, used 246K [0x00000000d5580000, 0x00000000d5800000, 0x0000000100000000)
  eden space 1024K, 0% used [0x00000000d5580000,0x00000000d5580000,0x00000000d5680000)
  from space 512K, 48% used [0x00000000d5780000,0x00000000d57bd808,0x00000000d5800000)
  to   space 512K, 0% used [0x00000000d5700000,0x00000000d5700000,0x00000000d5780000)
 ParOldGen       total 397312K, used 396901K [0x0000000080000000, 0x0000000098400000, 0x00000000d5580000)
  object space 397312K, 99% used [0x0000000080000000,0x00000000983997a8,0x0000000098400000)
 Metaspace       used 67629K, committed 69120K, reserved 1114112K
  class space    used 7265K, committed 7936K, reserved 1048576K
}
Event: 61.201 GC heap before
{Heap before GC invocations=326 (full 3):
 PSYoungGen      total 1536K, used 1270K [0x00000000d5580000, 0x00000000d5800000, 0x0000000100000000)
  eden space 1024K, 100% used [0x00000000d5580000,0x00000000d5680000,0x00000000d5680000)
  from space 512K, 48% used [0x00000000d5780000,0x00000000d57bd808,0x00000000d5800000)
  to   space 512K, 0% used [0x00000000d5700000,0x00000000d5700000,0x00000000d5780000)
 ParOldGen       total 397312K, used 396901K [0x0000000080000000, 0x0000000098400000, 0x00000000d5580000)
  object space 397312K, 99% used [0x0000000080000000,0x00000000983997a8,0x0000000098400000)
 Metaspace       used 67629K, committed 69120K, reserved 1114112K
  class space    used 7265K, committed 7936K, reserved 1048576K
}
Event: 61.203 GC heap after
{Heap after GC invocations=326 (full 3):
 PSYoungGen      total 1536K, used 224K [0x00000000d5580000, 0x00000000d5800000, 0x0000000100000000)
  eden space 1024K, 0% used [0x00000000d5580000,0x00000000d5580000,0x00000000d5680000)
  from space 512K, 43% used [0x00000000d5700000,0x00000000d5738000,0x00000000d5780000)
  to   space 512K, 0% used [0x00000000d5780000,0x00000000d5780000,0x00000000d5800000)
 ParOldGen       total 397312K, used 397131K [0x0000000080000000, 0x0000000098400000, 0x00000000d5580000)
  object space 397312K, 99% used [0x0000000080000000,0x00000000983d2fb0,0x0000000098400000)
 Metaspace       used 67629K, committed 69120K, reserved 1114112K
  class space    used 7265K, committed 7936K, reserved 1048576K
}

Dll operation events (20 events):
Event: 0.138 Attempting to load shared library C:\Users\user\.vscode\extensions\redhat.java-1.56.0-win32-x64\jre\21.0.12.1-win32-x86_64\bin\nio.dll
Event: 0.140 Loaded shared library C:\Users\user\.vscode\extensions\redhat.java-1.56.0-win32-x64\jre\21.0.12.1-win32-x86_64\bin\nio.dll
Event: 0.146 Attempting to load shared library C:\Users\user\.vscode\extensions\redhat.java-1.56.0-win32-x64\jre\21.0.12.1-win32-x86_64\bin\zip.dll
Event: 0.146 Loaded shared library C:\Users\user\.vscode\extensions\redhat.java-1.56.0-win32-x64\jre\21.0.12.1-win32-x86_64\bin\zip.dll
Event: 0.163 Attempting to load shared library C:\Users\user\.vscode\extensions\redhat.java-1.56.0-win32-x64\jre\21.0.12.1-win32-x86_64\bin\jimage.dll
Event: 0.163 Loaded shared library C:\Users\user\.vscode\extensions\redhat.java-1.56.0-win32-x64\jre\21.0.12.1-win32-x86_64\bin\jimage.dll
Event: 0.235 Attempting to load shared library c:\Users\user\.vscode\extensions\redhat.java-1.56.0-win32-x64\jre\21.0.12.1-win32-x86_64\bin\verify.dll
Event: 0.236 Loaded shared library c:\Users\user\.vscode\extensions\redhat.java-1.56.0-win32-x64\jre\21.0.12.1-win32-x86_64\bin\verify.dll
Event: 6.099 Attempting to load shared library C:\Users\user\AppData\Roaming\Code\User\globalStorage\redhat.java\1.56.0\config_win\org.eclipse.equinox.launcher\org.eclipse.equinox.launcher.win32.win32.x86_64_1.3.100.v20260804-1928\eclipse_11924.dll
Event: 6.238 Loaded shared library C:\Users\user\AppData\Roaming\Code\User\globalStorage\redhat.java\1.56.0\config_win\org.eclipse.equinox.launcher\org.eclipse.equinox.launcher.win32.win32.x86_64_1.3.100.v20260804-1928\eclipse_11924.dll
Event: 25.004 Attempting to load shared library C:\Users\user\.vscode\extensions\redhat.java-1.56.0-win32-x64\jre\21.0.12.1-win32-x86_64\bin\management.dll
Event: 25.005 Loaded shared library C:\Users\user\.vscode\extensions\redhat.java-1.56.0-win32-x64\jre\21.0.12.1-win32-x86_64\bin\management.dll
Event: 25.008 Attempting to load shared library C:\Users\user\.vscode\extensions\redhat.java-1.56.0-win32-x64\jre\21.0.12.1-win32-x86_64\bin\management_ext.dll
Event: 25.009 Loaded shared library C:\Users\user\.vscode\extensions\redhat.java-1.56.0-win32-x64\jre\21.0.12.1-win32-x86_64\bin\management_ext.dll
Event: 29.136 Attempting to load shared library C:\Users\user\AppData\Local\Temp\jna-3599307\jna6364502559773534174.dll
Event: 29.467 Loaded shared library C:\Users\user\AppData\Local\Temp\jna-3599307\jna6364502559773534174.dll
Event: 30.028 Attempting to load shared library C:\Users\user\.vscode\extensions\redhat.java-1.56.0-win32-x64\jre\21.0.12.1-win32-x86_64\bin\sunmscapi.dll
Event: 30.172 Loaded shared library C:\Users\user\.vscode\extensions\redhat.java-1.56.0-win32-x64\jre\21.0.12.1-win32-x86_64\bin\sunmscapi.dll
Event: 32.519 Attempting to load shared library C:\Users\user\.vscode\extensions\redhat.java-1.56.0-win32-x64\jre\21.0.12.1-win32-x86_64\bin\extnet.dll
Event: 32.597 Loaded shared library C:\Users\user\.vscode\extensions\redhat.java-1.56.0-win32-x64\jre\21.0.12.1-win32-x86_64\bin\extnet.dll

Deoptimization events (20 events):
Event: 60.961 Thread 0x000002677e230930 Uncommon trap: trap_request=0xffffffcc fr.pc=0x000002676cfc035c relative=0x000000000000193c
Event: 60.961 Thread 0x000002677e230930 Uncommon trap: reason=intrinsic_or_type_checked_inlining action=make_not_entrant pc=0x000002676cfc035c method=java.util.ArrayList$SubList.toArray([Ljava/lang/Object;)[Ljava/lang/Object; @ 58 c2
Event: 60.961 Thread 0x000002677e230930 DEOPT PACKING pc=0x000002676cfc035c sp=0x0000008865ffe100
Event: 60.961 Thread 0x000002677e230930 DEOPT UNPACKING pc=0x000002676c416da2 sp=0x0000008865ffe028 mode 2
Event: 60.963 Thread 0x000002677e230930 Uncommon trap: trap_request=0xffffff45 fr.pc=0x000002676ce1af24 relative=0x0000000000001804
Event: 60.963 Thread 0x000002677e230930 Uncommon trap: reason=unstable_if action=reinterpret pc=0x000002676ce1af24 method=org.eclipse.jdt.internal.core.search.matching.MethodDeclarationPattern.createDeclarationIndexKey([C[C[CI[C[[C[[C[CI[CII)[C @ 43 c2
Event: 60.963 Thread 0x000002677e230930 DEOPT PACKING pc=0x000002676ce1af24 sp=0x0000008865ffeb00
Event: 60.963 Thread 0x000002677e230930 DEOPT UNPACKING pc=0x000002676c416da2 sp=0x0000008865ffead0 mode 2
Event: 60.972 Thread 0x000002677e230930 Uncommon trap: trap_request=0xffffff45 fr.pc=0x000002676d06fd70 relative=0x00000000000006d0
Event: 60.972 Thread 0x000002677e230930 Uncommon trap: reason=unstable_if action=reinterpret pc=0x000002676d06fd70 method=org.eclipse.jdt.internal.core.index.MemoryIndex.remove(Ljava/lang/String;)V @ 8 c2
Event: 60.972 Thread 0x000002677e230930 DEOPT PACKING pc=0x000002676d06fd70 sp=0x0000008865fff0d0
Event: 60.972 Thread 0x000002677e230930 DEOPT UNPACKING pc=0x000002676c416da2 sp=0x0000008865fff090 mode 2
Event: 61.000 Thread 0x000002677e230930 Uncommon trap: trap_request=0xffffffc6 fr.pc=0x000002676cebbff8 relative=0x0000000000000898
Event: 61.000 Thread 0x000002677e230930 Uncommon trap: reason=bimorphic_or_optimized_type_check action=maybe_recompile pc=0x000002676cebbff8 method=org.eclipse.jdt.internal.compiler.util.SimpleLookupTable.put(Ljava/lang/Object;Ljava/lang/Object;)Ljava/lang/Object; @ 7 c2
Event: 61.000 Thread 0x000002677e230930 DEOPT PACKING pc=0x000002676cebbff8 sp=0x0000008865fff180
Event: 61.000 Thread 0x000002677e230930 DEOPT UNPACKING pc=0x000002676c416da2 sp=0x0000008865fff128 mode 2
Event: 61.037 Thread 0x000002677e230930 Uncommon trap: trap_request=0xffffff45 fr.pc=0x000002676d04f6a0 relative=0x0000000000000d40
Event: 61.037 Thread 0x000002677e230930 Uncommon trap: reason=unstable_if action=reinterpret pc=0x000002676d04f6a0 method=org.eclipse.jdt.internal.core.search.indexing.BinaryContainer.isValidPackageNameForClassOrisModule(Ljava/lang/String;)Z @ 41 c2
Event: 61.037 Thread 0x000002677e230930 DEOPT PACKING pc=0x000002676d04f6a0 sp=0x0000008865ffec40
Event: 61.037 Thread 0x000002677e230930 DEOPT UNPACKING pc=0x000002676c416da2 sp=0x0000008865ffec20 mode 2

Classes loaded (20 events):
Event: 46.215 Loading class java/lang/invoke/MethodHandleImpl$CountingWrapper$1
Event: 46.215 Loading class java/lang/invoke/MethodHandleImpl$CountingWrapper$1 done
Event: 46.404 Loading class java/util/stream/ReduceOps$4
Event: 46.404 Loading class java/util/stream/ReduceOps$4 done
Event: 46.404 Loading class java/util/stream/ReduceOps$4ReducingSink
Event: 46.410 Loading class java/util/stream/ReduceOps$4ReducingSink done
Event: 47.467 Loading class java/util/concurrent/CompletableFuture$UniApply
Event: 47.467 Loading class java/util/concurrent/CompletableFuture$UniApply done
Event: 47.468 Loading class java/util/concurrent/CompletableFuture$UniExceptionally
Event: 47.468 Loading class java/util/concurrent/CompletableFuture$UniExceptionally done
Event: 48.364 Loading class java/nio/file/Files$2
Event: 48.364 Loading class java/nio/file/Files$2 done
Event: 48.459 Loading class java/util/concurrent/ArrayBlockingQueue
Event: 48.461 Loading class java/util/concurrent/ArrayBlockingQueue done
Event: 51.012 Loading class jdk/internal/ref/CleanerImpl$InnocuousThreadFactory
Event: 51.016 Loading class jdk/internal/ref/CleanerImpl$InnocuousThreadFactory done
Event: 60.903 Loading class java/lang/Throwable$WrappedPrintWriter
Event: 60.903 Loading class java/lang/Throwable$PrintStreamOrWriter
Event: 60.904 Loading class java/lang/Throwable$PrintStreamOrWriter done
Event: 60.904 Loading class java/lang/Throwable$WrappedPrintWriter done

Classes unloaded (9 events):
Event: 26.518 Thread 0x0000026761d4a840 Unloading class 0x00000267011a2800 'java/lang/invoke/LambdaForm$MH+0x00000267011a2800'
Event: 26.518 Thread 0x0000026761d4a840 Unloading class 0x00000267011a2400 'java/lang/invoke/LambdaForm$MH+0x00000267011a2400'
Event: 26.518 Thread 0x0000026761d4a840 Unloading class 0x00000267011a2000 'java/lang/invoke/LambdaForm$MH+0x00000267011a2000'
Event: 26.518 Thread 0x0000026761d4a840 Unloading class 0x00000267011a1c00 'java/lang/invoke/LambdaForm$MH+0x00000267011a1c00'
Event: 26.518 Thread 0x0000026761d4a840 Unloading class 0x00000267011a1800 'java/lang/invoke/LambdaForm$BMH+0x00000267011a1800'
Event: 26.518 Thread 0x0000026761d4a840 Unloading class 0x00000267011a1400 'java/lang/invoke/LambdaForm$DMH+0x00000267011a1400'
Event: 26.518 Thread 0x0000026761d4a840 Unloading class 0x00000267011a0000 'java/lang/invoke/LambdaForm$DMH+0x00000267011a0000'
Event: 30.378 Thread 0x0000026761d4a840 Unloading class 0x00000267012e4c00 'java/lang/invoke/LambdaForm$MH+0x00000267012e4c00'
Event: 30.378 Thread 0x0000026761d4a840 Unloading class 0x00000267012e3000 'java/lang/invoke/LambdaForm$MH+0x00000267012e3000'

Classes redefined (0 events):
No events

Internal exceptions (20 events):
Event: 43.049 Thread 0x000002677e234ad0 Exception <a 'sun/nio/fs/WindowsException'{0x00000000d5e39bd0}> (0x00000000d5e39bd0) 
thrown [s\src\hotspot\share\prims\jni.cpp, line 520]
Event: 43.167 Thread 0x000002677e234ad0 Exception <a 'java/lang/NoSuchMethodError'{0x00000000d5f4e408}: 'int java.lang.invoke.DirectMethodHandle$Holder.invokeStatic(java.lang.Object)'> (0x00000000d5f4e408) 
thrown [s\src\hotspot\share\interpreter\linkResolver.cpp, line 773]
Event: 43.228 Thread 0x000002677e234ad0 Exception <a 'java/io/FileNotFoundException'{0x00000000d60d9d28}> (0x00000000d60d9d28) 
thrown [s\src\hotspot\share\prims\jni.cpp, line 520]
Event: 43.230 Thread 0x000002677e234ad0 Exception <a 'java/io/FileNotFoundException'{0x00000000d60db260}> (0x00000000d60db260) 
thrown [s\src\hotspot\share\prims\jni.cpp, line 520]
Event: 43.230 Thread 0x000002677e234ad0 Exception <a 'java/io/FileNotFoundException'{0x00000000d60dc4e8}> (0x00000000d60dc4e8) 
thrown [s\src\hotspot\share\prims\jni.cpp, line 520]
Event: 43.798 Thread 0x000002677e234ad0 Exception <a 'sun/nio/fs/WindowsException'{0x00000000d5961680}> (0x00000000d5961680) 
thrown [s\src\hotspot\share\prims\jni.cpp, line 520]
Event: 43.798 Thread 0x000002677e234ad0 Exception <a 'sun/nio/fs/WindowsException'{0x00000000d5961cc0}> (0x00000000d5961cc0) 
thrown [s\src\hotspot\share\prims\jni.cpp, line 520]
Event: 43.871 Thread 0x000002677e233720 Exception <a 'sun/nio/fs/WindowsException'{0x00000000d59b9668}> (0x00000000d59b9668) 
thrown [s\src\hotspot\share\prims\jni.cpp, line 520]
Event: 45.136 Thread 0x000002677e230930 Implicit null exception at 0x000002676ce36708 to 0x000002676ce3e24c
Event: 46.291 Thread 0x000002677e233720 Exception <a 'java/lang/IncompatibleClassChangeError'{0x00000000d63a1c90}: Found class java.lang.Object, but interface was expected> (0x00000000d63a1c90) 
thrown [s\src\hotspot\share\interpreter\linkResolver.cpp, line 840]
Event: 46.445 Thread 0x000002677e233720 Exception <a 'java/lang/NoSuchMethodError'{0x00000000d591b798}: 'int java.lang.invoke.DirectMethodHandle$Holder.invokeSpecialIFC(java.lang.Object, java.lang.Object, java.lang.Object)'> (0x00000000d591b798) 
thrown [s\src\hotspot\share\interpreter\linkResolver.cpp, line 773]
Event: 46.614 Thread 0x000002677e234ad0 Exception <a 'java/lang/NoSuchMethodError'{0x00000000d5f42870}: 'java.lang.Object java.lang.invoke.DirectMethodHandle$Holder.invokeSpecial(java.lang.Object, java.lang.Object, int, long)'> (0x00000000d5f42870) 
thrown [s\src\hotspot\share\interpreter\linkResolver.cpp, line 773]
Event: 47.449 Thread 0x000002677e233720 Exception <a 'java/lang/IncompatibleClassChangeError'{0x00000000d5d6e3b8}: Found class java.lang.Object, but interface was expected> (0x00000000d5d6e3b8) 
thrown [s\src\hotspot\share\interpreter\linkResolver.cpp, line 840]
Event: 47.469 Thread 0x000002677e233720 Exception <a 'java/lang/IncompatibleClassChangeError'{0x00000000d5dca9f0}: Found class java.lang.Object, but interface was expected> (0x00000000d5dca9f0) 
thrown [s\src\hotspot\share\interpreter\linkResolver.cpp, line 840]
Event: 47.499 Thread 0x000002677e233720 Exception <a 'java/lang/IncompatibleClassChangeError'{0x00000000d5e36290}: Found class java.lang.Object, but interface was expected> (0x00000000d5e36290) 
thrown [s\src\hotspot\share\interpreter\linkResolver.cpp, line 840]
Event: 47.517 Thread 0x000002677e233720 Exception <a 'java/lang/IncompatibleClassChangeError'{0x00000000d5e8f8a8}: Found class java.lang.Object, but interface was expected> (0x00000000d5e8f8a8) 
thrown [s\src\hotspot\share\interpreter\linkResolver.cpp, line 840]
Event: 48.636 Thread 0x000002677e233720 Exception <a 'java/lang/IncompatibleClassChangeError'{0x00000000d590ecc0}: Found class java.lang.Object, but interface was expected> (0x00000000d590ecc0) 
thrown [s\src\hotspot\share\interpreter\linkResolver.cpp, line 840]
Event: 51.062 Thread 0x00000267415c9230 Exception <a 'java/lang/ArrayIndexOutOfBoundsException'{0x00000000d5edfe28}> (0x00000000d5edfe28) 
thrown [s\src\hotspot\share\runtime\sharedRuntime.cpp, line 625]
Event: 60.897 Thread 0x000002677e230930 Exception <a 'java/io/IOException'{0x00000000d55e3d40}> (0x00000000d55e3d40) 
thrown [s\src\hotspot\share\prims\jni.cpp, line 520]
Event: 60.999 Thread 0x000002677e230930 Exception <a 'sun/nio/fs/WindowsException'{0x00000000d55f4698}> (0x00000000d55f4698) 
thrown [s\src\hotspot\share\prims\jni.cpp, line 520]

ZGC Phase Switch (0 events):
No events

VM Operations (20 events):
Event: 60.951 Executing non-safepoint VM operation: HandshakeAllThreads (Deoptimize)
Event: 60.951 Executing non-safepoint VM operation: HandshakeAllThreads (Deoptimize) done
Event: 61.047 Executing safepoint VM operation: ParallelGCFailedAllocation (Allocation Failure)
Event: 61.049 Executing safepoint VM operation: ParallelGCFailedAllocation (Allocation Failure) done
Event: 61.083 Executing safepoint VM operation: ParallelGCFailedAllocation (Allocation Failure)
Event: 61.086 Executing safepoint VM operation: ParallelGCFailedAllocation (Allocation Failure) done
Event: 61.100 Executing safepoint VM operation: ParallelGCFailedAllocation (Allocation Failure)
Event: 61.103 Executing safepoint VM operation: ParallelGCFailedAllocation (Allocation Failure) done
Event: 61.132 Executing safepoint VM operation: ParallelGCFailedAllocation (Allocation Failure)
Event: 61.134 Executing safepoint VM operation: ParallelGCFailedAllocation (Allocation Failure) done
Event: 61.150 Executing safepoint VM operation: ParallelGCFailedAllocation (Allocation Failure)
Event: 61.151 Executing safepoint VM operation: ParallelGCFailedAllocation (Allocation Failure) done
Event: 61.159 Executing safepoint VM operation: ParallelGCFailedAllocation (Allocation Failure)
Event: 61.161 Executing safepoint VM operation: ParallelGCFailedAllocation (Allocation Failure) done
Event: 61.166 Executing safepoint VM operation: ParallelGCFailedAllocation (Allocation Failure)
Event: 61.168 Executing safepoint VM operation: ParallelGCFailedAllocation (Allocation Failure) done
Event: 61.186 Executing safepoint VM operation: ParallelGCFailedAllocation (Allocation Failure)
Event: 61.189 Executing safepoint VM operation: ParallelGCFailedAllocation (Allocation Failure) done
Event: 61.201 Executing safepoint VM operation: ParallelGCFailedAllocation (Allocation Failure)
Event: 61.203 Executing safepoint VM operation: ParallelGCFailedAllocation (Allocation Failure) done

Memory protections (0 events):
No events

Nmethod flushes (20 events):
Event: 41.144 Thread 0x0000026761d4a840 flushing  nmethod 0x0000026765731c10
Event: 41.144 Thread 0x0000026761d4a840 flushing  nmethod 0x0000026765733090
Event: 41.144 Thread 0x0000026761d4a840 flushing  nmethod 0x0000026765733b90
Event: 41.144 Thread 0x0000026761d4a840 flushing  nmethod 0x000002676573aa90
Event: 41.144 Thread 0x0000026761d4a840 flushing  nmethod 0x000002676573b410
Event: 41.144 Thread 0x0000026761d4a840 flushing  nmethod 0x000002676573c690
Event: 41.144 Thread 0x0000026761d4a840 flushing  nmethod 0x000002676573cb10
Event: 41.144 Thread 0x0000026761d4a840 flushing  nmethod 0x000002676573d110
Event: 41.144 Thread 0x0000026761d4a840 flushing  nmethod 0x0000026765765a10
Event: 41.144 Thread 0x0000026761d4a840 flushing  nmethod 0x0000026765766390
Event: 41.144 Thread 0x0000026761d4a840 flushing  nmethod 0x0000026765769a10
Event: 41.144 Thread 0x0000026761d4a840 flushing  nmethod 0x000002676576aa10
Event: 41.144 Thread 0x0000026761d4a840 flushing  nmethod 0x000002676576e110
Event: 41.144 Thread 0x0000026761d4a840 flushing  nmethod 0x0000026765778890
Event: 41.144 Thread 0x0000026761d4a840 flushing  nmethod 0x0000026765793210
Event: 41.144 Thread 0x0000026761d4a840 flushing  nmethod 0x0000026765793d90
Event: 41.144 Thread 0x0000026761d4a840 flushing  nmethod 0x0000026765796b90
Event: 41.144 Thread 0x0000026761d4a840 flushing  nmethod 0x0000026765798210
Event: 41.144 Thread 0x0000026761d4a840 flushing  nmethod 0x00000267657cac90
Event: 41.144 Thread 0x0000026761d4a840 flushing  nmethod 0x0000026765804a10

Events (20 events):
Event: 45.931 Thread 0x0000026779cf7400 Thread exited: 0x0000026779cf7400
Event: 46.054 Thread 0x0000026778415170 Thread added: 0x0000026779cf7400
Event: 46.563 Thread 0x0000026779cf7400 Thread exited: 0x0000026779cf7400
Event: 47.306 Thread 0x0000026778415170 Thread added: 0x0000026779cf7400
Event: 47.468 Thread 0x000002677e233720 Thread added: 0x00000267415ca5e0
Event: 47.498 Thread 0x00000267415ca5e0 Thread added: 0x00000267415c9230
Event: 47.529 Thread 0x00000267415c9230 Thread added: 0x00000267415c8ba0
Event: 48.244 Thread 0x000002677e2302a0 Thread added: 0x00000267415cac70
Event: 48.462 Thread 0x000002677e2302a0 Thread added: 0x00000267415c77f0
Event: 49.619 Thread 0x000002677e234440 Thread exited: 0x000002677e234440
Event: 50.443 Thread 0x0000026779cf7400 Thread exited: 0x0000026779cf7400
Event: 50.515 Thread 0x0000026778415170 Thread added: 0x0000026779cf7400
Event: 51.016 Thread 0x00000267415c8ba0 Thread added: 0x00000267415cb300
Event: 52.230 Thread 0x0000026779cf7400 Thread exited: 0x0000026779cf7400
Event: 52.463 Thread 0x0000026778415170 Thread added: 0x0000026741cba4c0
Event: 54.434 Thread 0x0000026741cba4c0 Thread exited: 0x0000026741cba4c0
Event: 57.744 Thread 0x00000267783ef060 Thread added: 0x0000026741ebba30
Event: 59.632 Thread 0x0000026741ebba30 Thread exited: 0x0000026741ebba30
Event: 61.019 Thread 0x000002677e234ad0 Thread added: 0x00000267415cd3d0
Event: 61.060 Thread 0x0000026778415170 Thread added: 0x000002677feae400


Dynamic libraries:
0x00007ff619680000 - 0x00007ff61968e000 	c:\Users\user\.vscode\extensions\redhat.java-1.56.0-win32-x64\jre\21.0.12.1-win32-x86_64\bin\java.exe
0x00007ffe223c0000 - 0x00007ffe22628000 	C:\WINDOWS\SYSTEM32\ntdll.dll
0x00007ffe214c0000 - 0x00007ffe21589000 	C:\WINDOWS\System32\KERNEL32.DLL
0x00007ffe1fc10000 - 0x00007ffe20001000 	C:\WINDOWS\System32\KERNELBASE.dll
0x00007ffe20010000 - 0x00007ffe2015b000 	C:\WINDOWS\System32\ucrtbase.dll
0x00007ffe15cd0000 - 0x00007ffe15ce8000 	c:\Users\user\.vscode\extensions\redhat.java-1.56.0-win32-x64\jre\21.0.12.1-win32-x86_64\bin\jli.dll
0x00007ffe15c50000 - 0x00007ffe15c6e000 	c:\Users\user\.vscode\extensions\redhat.java-1.56.0-win32-x64\jre\21.0.12.1-win32-x86_64\bin\VCRUNTIME140.dll
0x00007ffe207f0000 - 0x00007ffe209b6000 	C:\WINDOWS\System32\USER32.dll
0x00007ffe1ee20000 - 0x00007ffe1ee47000 	C:\WINDOWS\System32\win32u.dll
0x00007ffe0c860000 - 0x00007ffe0caf3000 	C:\WINDOWS\WinSxS\amd64_microsoft.windows.common-controls_6595b64144ccf1df_6.0.26100.7824_none_3e0870b2e3345462\COMCTL32.dll
0x00007ffe20160000 - 0x00007ffe2018b000 	C:\WINDOWS\System32\GDI32.dll
0x00007ffe222d0000 - 0x00007ffe22379000 	C:\WINDOWS\System32\msvcrt.dll
0x00007ffe1f080000 - 0x00007ffe1f1ab000 	C:\WINDOWS\System32\gdi32full.dll
0x00007ffe1fb60000 - 0x00007ffe1fc03000 	C:\WINDOWS\System32\msvcp_win.dll
0x00007ffe20320000 - 0x00007ffe20351000 	C:\WINDOWS\System32\IMM32.DLL
0x00007ffe15e90000 - 0x00007ffe15e9c000 	c:\Users\user\.vscode\extensions\redhat.java-1.56.0-win32-x64\jre\21.0.12.1-win32-x86_64\bin\vcruntime140_1.dll
0x00007ffdbdc40000 - 0x00007ffdbdccd000 	c:\Users\user\.vscode\extensions\redhat.java-1.56.0-win32-x64\jre\21.0.12.1-win32-x86_64\bin\msvcp140.dll
0x00007ffd4ea90000 - 0x00007ffd4f832000 	c:\Users\user\.vscode\extensions\redhat.java-1.56.0-win32-x64\jre\21.0.12.1-win32-x86_64\bin\server\jvm.dll
0x00007ffe21120000 - 0x00007ffe211d4000 	C:\WINDOWS\System32\ADVAPI32.dll
0x00007ffe215c0000 - 0x00007ffe21666000 	C:\WINDOWS\System32\sechost.dll
0x00007ffe213a0000 - 0x00007ffe214b8000 	C:\WINDOWS\System32\RPCRT4.dll
0x00007ffe20270000 - 0x00007ffe202e4000 	C:\WINDOWS\System32\WS2_32.dll
0x00007ffe1e950000 - 0x00007ffe1e9ae000 	C:\WINDOWS\SYSTEM32\POWRPROF.dll
0x00007ffe0a410000 - 0x00007ffe0a41b000 	C:\WINDOWS\SYSTEM32\VERSION.dll
0x00007ffe13320000 - 0x00007ffe13355000 	C:\WINDOWS\SYSTEM32\WINMM.dll
0x00007ffe1e930000 - 0x00007ffe1e944000 	C:\WINDOWS\SYSTEM32\UMPDC.dll
0x00007ffe1da40000 - 0x00007ffe1da5b000 	C:\WINDOWS\SYSTEM32\kernel.appcore.dll
0x00007ffe15c20000 - 0x00007ffe15c2a000 	c:\Users\user\.vscode\extensions\redhat.java-1.56.0-win32-x64\jre\21.0.12.1-win32-x86_64\bin\jimage.dll
0x00007ffe09d30000 - 0x00007ffe09f72000 	C:\WINDOWS\SYSTEM32\DBGHELP.DLL
0x00007ffe209c0000 - 0x00007ffe20d46000 	C:\WINDOWS\System32\combase.dll
0x00007ffe20f40000 - 0x00007ffe21017000 	C:\WINDOWS\System32\OLEAUT32.dll
0x00007ffe03570000 - 0x00007ffe035ab000 	C:\WINDOWS\SYSTEM32\dbgcore.DLL
0x00007ffe1fa20000 - 0x00007ffe1fac5000 	C:\WINDOWS\System32\bcryptPrimitives.dll
0x00007ffe15c40000 - 0x00007ffe15c4f000 	c:\Users\user\.vscode\extensions\redhat.java-1.56.0-win32-x64\jre\21.0.12.1-win32-x86_64\bin\instrument.dll
0x00007ffe055d0000 - 0x00007ffe055f0000 	c:\Users\user\.vscode\extensions\redhat.java-1.56.0-win32-x64\jre\21.0.12.1-win32-x86_64\bin\java.dll
0x00007ffe21b70000 - 0x00007ffe222c2000 	C:\WINDOWS\System32\SHELL32.dll
0x00007ffe1ee50000 - 0x00007ffe1efba000 	C:\WINDOWS\System32\wintypes.dll
0x00007ffe1f1b0000 - 0x00007ffe1fa13000 	C:\WINDOWS\System32\windows.storage.dll
0x00007ffe212a0000 - 0x00007ffe21396000 	C:\WINDOWS\System32\SHCORE.dll
0x00007ffe21a70000 - 0x00007ffe21ad7000 	C:\WINDOWS\System32\shlwapi.dll
0x00007ffe1ebc0000 - 0x00007ffe1ebe9000 	C:\WINDOWS\SYSTEM32\profapi.dll
0x00007ffe04620000 - 0x00007ffe04638000 	c:\Users\user\.vscode\extensions\redhat.java-1.56.0-win32-x64\jre\21.0.12.1-win32-x86_64\bin\zip.dll
0x00007ffe15c30000 - 0x00007ffe15c40000 	C:\Users\user\.vscode\extensions\redhat.java-1.56.0-win32-x64\jre\21.0.12.1-win32-x86_64\bin\net.dll
0x00007ffe0cc60000 - 0x00007ffe0cd87000 	C:\WINDOWS\SYSTEM32\WINHTTP.dll
0x00007ffe1dfb0000 - 0x00007ffe1e01b000 	C:\WINDOWS\system32\mswsock.dll
0x00007ffe02f70000 - 0x00007ffe02f86000 	C:\Users\user\.vscode\extensions\redhat.java-1.56.0-win32-x64\jre\21.0.12.1-win32-x86_64\bin\nio.dll
0x00007ffe0e070000 - 0x00007ffe0e080000 	c:\Users\user\.vscode\extensions\redhat.java-1.56.0-win32-x64\jre\21.0.12.1-win32-x86_64\bin\verify.dll
0x00007ffe02f90000 - 0x00007ffe02fd5000 	C:\Users\user\AppData\Roaming\Code\User\globalStorage\redhat.java\1.56.0\config_win\org.eclipse.equinox.launcher\org.eclipse.equinox.launcher.win32.win32.x86_64_1.3.100.v20260804-1928\eclipse_11924.dll
0x00007ffe216e0000 - 0x00007ffe21877000 	C:\WINDOWS\System32\ole32.dll
0x00007ffe1a470000 - 0x00007ffe1a47a000 	C:\Users\user\.vscode\extensions\redhat.java-1.56.0-win32-x64\jre\21.0.12.1-win32-x86_64\bin\management.dll
0x00007ffe1a460000 - 0x00007ffe1a46c000 	C:\Users\user\.vscode\extensions\redhat.java-1.56.0-win32-x64\jre\21.0.12.1-win32-x86_64\bin\management_ext.dll
0x00007ffe21670000 - 0x00007ffe21678000 	C:\WINDOWS\System32\PSAPI.DLL
0x00007ffe1e280000 - 0x00007ffe1e29b000 	C:\WINDOWS\SYSTEM32\CRYPTSP.dll
0x00007ffe1d9a0000 - 0x00007ffe1d9d9000 	C:\WINDOWS\system32\rsaenh.dll
0x00007ffe1e060000 - 0x00007ffe1e08b000 	C:\WINDOWS\SYSTEM32\USERENV.dll
0x00007ffe1eb90000 - 0x00007ffe1ebba000 	C:\WINDOWS\SYSTEM32\bcrypt.dll
0x00007ffe1e900000 - 0x00007ffe1e90c000 	C:\WINDOWS\SYSTEM32\CRYPTBASE.dll
0x00007ffe1d510000 - 0x00007ffe1d544000 	C:\WINDOWS\SYSTEM32\IPHLPAPI.DLL
0x00007ffe215b0000 - 0x00007ffe215ba000 	C:\WINDOWS\System32\NSI.dll
0x00007ffdf4830000 - 0x00007ffdf4879000 	C:\Users\user\AppData\Local\Temp\jna-3599307\jna6364502559773534174.dll
0x00007ffe0cdc0000 - 0x00007ffe0cdde000 	C:\WINDOWS\SYSTEM32\dhcpcsvc6.DLL
0x00007ffe0cd90000 - 0x00007ffe0cdb3000 	C:\WINDOWS\SYSTEM32\dhcpcsvc.DLL
0x00007ffe1a450000 - 0x00007ffe1a45e000 	C:\Users\user\.vscode\extensions\redhat.java-1.56.0-win32-x64\jre\21.0.12.1-win32-x86_64\bin\sunmscapi.dll
0x00007ffe1eca0000 - 0x00007ffe1ee17000 	C:\WINDOWS\System32\CRYPT32.dll
0x00007ffe1e500000 - 0x00007ffe1e530000 	C:\WINDOWS\SYSTEM32\ncrypt.dll
0x00007ffe1e4b0000 - 0x00007ffe1e4ef000 	C:\WINDOWS\SYSTEM32\NTASN1.dll
0x00007ffe1d5f0000 - 0x00007ffe1d71c000 	C:\WINDOWS\SYSTEM32\DNSAPI.dll
0x00007ffe12c30000 - 0x00007ffe12c3b000 	C:\Windows\System32\rasadhlp.dll
0x00007ffe0d1c0000 - 0x00007ffe0d246000 	C:\WINDOWS\System32\fwpuclnt.dll
0x00007ffe0cbb0000 - 0x00007ffe0cbb9000 	C:\Users\user\.vscode\extensions\redhat.java-1.56.0-win32-x64\jre\21.0.12.1-win32-x86_64\bin\extnet.dll

JVMTI agents:
c:\Users\user\.vscode\extensions\redhat.java-1.56.0-win32-x64\lombok\lombok-1.18.39-4050.jar path:c:\Users\user\.vscode\extensions\redhat.java-1.56.0-win32-x64\jre\21.0.12.1-win32-x86_64\bin\instrument.dll, loaded, initialized, instrumentlib options:none

dbghelp: loaded successfully - version: 4.0.5 - missing functions: none
symbol engine: initialized successfully - sym options: 0x614 - pdb path: .;c:\Users\user\.vscode\extensions\redhat.java-1.56.0-win32-x64\jre\21.0.12.1-win32-x86_64\bin;C:\WINDOWS\SYSTEM32;C:\WINDOWS\WinSxS\amd64_microsoft.windows.common-controls_6595b64144ccf1df_6.0.26100.7824_none_3e0870b2e3345462;c:\Users\user\.vscode\extensions\redhat.java-1.56.0-win32-x64\jre\21.0.12.1-win32-x86_64\bin\server;C:\Users\user\AppData\Roaming\Code\User\globalStorage\redhat.java\1.56.0\config_win\org.eclipse.equinox.launcher\org.eclipse.equinox.launcher.win32.win32.x86_64_1.3.100.v20260804-1928;C:\Users\user\AppData\Local\Temp\jna-3599307

VM Arguments:
jvm_args: --add-modules=ALL-SYSTEM --add-opens=java.base/java.util=ALL-UNNAMED --add-opens=java.base/java.lang=ALL-UNNAMED --add-opens=java.base/sun.nio.fs=ALL-UNNAMED -Declipse.application=org.eclipse.jdt.ls.core.id1 -Dosgi.bundles.defaultStartLevel=4 -Declipse.product=org.eclipse.jdt.ls.core.product -Djava.import.generatesMetadataFilesAtProjectRoot=false -Dm2e.project.cache.size=50 -DDetectVMInstallationsJob.disabled=true -Dfile.encoding=utf8 -XX:+UseParallelGC -XX:GCTimeRatio=4 -XX:AdaptiveSizePolicyWeight=90 -Dsun.zip.disableMemoryMapping=true -Xmx2G -Xms100m -Xlog:disable -javaagent:c:\Users\user\.vscode\extensions\redhat.java-1.56.0-win32-x64\lombok\lombok-1.18.39-4050.jar -XX:+HeapDumpOnOutOfMemoryError -XX:HeapDumpPath=c:\Users\user\AppData\Roaming\Code\User\workspaceStorage\770e35ca86616f1eaf69979a4e76e1bf\redhat.java -Daether.dependencyCollector.impl=bf 
java_command: c:\Users\user\.vscode\extensions\redhat.java-1.56.0-win32-x64\server\plugins\org.eclipse.equinox.launcher_1.8.0.v20260804-1928.jar -configuration c:\Users\user\AppData\Roaming\Code\User\globalStorage\redhat.java\1.56.0\config_win -data c:\Users\user\AppData\Roaming\Code\User\workspaceStorage\770e35ca86616f1eaf69979a4e76e1bf\redhat.java\jdt_ws --stdio
java_class_path (initial): c:\Users\user\.vscode\extensions\redhat.java-1.56.0-win32-x64\server\plugins\org.eclipse.equinox.launcher_1.8.0.v20260804-1928.jar
Launcher Type: SUN_STANDARD

[Global flags]
    uintx AdaptiveSizePolicyWeight                 = 90                                        {product} {command line}
     intx CICompilerCount                          = 3                                         {product} {ergonomic}
    uintx GCTimeRatio                              = 4                                         {product} {command line}
     bool HeapDumpOnOutOfMemoryError               = true                                   {manageable} {command line}
    ccstr HeapDumpPath                             = c:\Users\user\AppData\Roaming\Code\User\workspaceStorage\770e35ca86616f1eaf69979a4e76e1bf\redhat.java         {manageable} {command line}
   size_t InitialHeapSize                          = 104857600                                 {product} {command line}
   size_t MaxHeapSize                              = 2147483648                                {product} {command line}
   size_t MaxNewSize                               = 715653120                                 {product} {ergonomic}
   size_t MinHeapDeltaBytes                        = 524288                                    {product} {ergonomic}
   size_t MinHeapSize                              = 104857600                                 {product} {command line}
   size_t NewSize                                  = 34603008                                  {product} {ergonomic}
    uintx NonNMethodCodeHeapSize                   = 5832780                                {pd product} {ergonomic}
    uintx NonProfiledCodeHeapSize                  = 122912730                              {pd product} {ergonomic}
   size_t OldSize                                  = 70254592                                  {product} {ergonomic}
    uintx ProfiledCodeHeapSize                     = 122912730                              {pd product} {ergonomic}
    uintx ReservedCodeCacheSize                    = 251658240                              {pd product} {ergonomic}
     bool SegmentedCodeCache                       = true                                      {product} {ergonomic}
   size_t SoftMaxHeapSize                          = 2147483648                             {manageable} {ergonomic}
     bool UseCompressedOops                        = true                           {product lp64_product} {ergonomic}
     bool UseLargePagesIndividualAllocation        = false                                  {pd product} {ergonomic}
     bool UseParallelGC                            = true                                      {product} {command line}

Logging:
Log output configuration:
 #0: stdout all=off uptime,level,tags foldmultilines=false
 #1: stderr all=off uptime,level,tags foldmultilines=false

Release file:
JAVA_VERSION="21.0.12.1" 
MODULES="java.base java.compiler java.datatransfer java.xml java.prefs java.desktop java.instrument java.logging java.management java.security.sasl java.naming java.rmi java.management.rmi java.net.http java.scripting java.security.jgss java.transaction.xa java.sql java.sql.rowset java.xml.crypto java.se java.smartcardio jdk.accessibility jdk.internal.jvmstat jdk.attach jdk.charsets jdk.internal.opt jdk.zipfs jdk.compiler jdk.crypto.ec jdk.crypto.cryptoki jdk.crypto.mscapi jdk.dynalink jdk.internal.ed jdk.editpad jdk.hotspot.agent jdk.httpserver jdk.internal.le jdk.internal.vm.ci jdk.internal.vm.compiler jdk.internal.vm.compiler.management jdk.jartool jdk.javadoc jdk.jcmd jdk.management jdk.management.agent jdk.jconsole jdk.jdeps jdk.jdwp.agent jdk.jdi jdk.jfr jdk.jshell jdk.jsobject jdk.jstatd jdk.localedata jdk.management.jfr jdk.naming.dns jdk.naming.rmi jdk.net jdk.nio.mapmode jdk.random jdk.sctp jdk.security.auth jdk.security.jgss jdk.unsupported jdk.unsupported.desktop jdk.xml.dom" 

Environment Variables:
PATH=C:\Program Files\Common Files\Oracle\Java\javapath;C:\WINDOWS\system32;C:\WINDOWS;C:\WINDOWS\System32\Wbem;C:\WINDOWS\System32\WindowsPowerShell\v1.0\;C:\WINDOWS\System32\OpenSSH\;C:\Program Files\dotnet\;C:\MinGW\bin;C:\Program Files\Git\cmd;D:\All Program Files\node js\;C:\Program Files\Tailscale\;C:\Users\user\AppData\Local\Programs\Python\Python313\Scripts\;C:\Users\user\AppData\Local\Programs\Python\Python313\;C:\Users\user\AppData\Local\Programs\Python\Launcher\;C:\Users\user\AppData\Local\Microsoft\WindowsApps;C:\Users\user\AppData\Local\Programs\Microsoft VS Code\bin;C:\Program Files\Java\jdk-25.0.2\bin;D:\All Program Files\Kiro\Kiro\bin;C:\Users\user\AppData\Roaming\npm
USERNAME=user
OS=Windows_NT
PROCESSOR_IDENTIFIER=Intel64 Family 6 Model 140 Stepping 1, GenuineIntel
TMP=C:\Users\user\AppData\Local\Temp
TEMP=C:\Users\user\AppData\Local\Temp




Periodic native trim disabled

---------------  S Y S T E M  ---------------

OS:
 Windows 11 , 64 bit Build 26100 (10.0.26100.7705)
OS uptime: 0 days 10:08 hours

CPU: total 4 (initial active 4) (2 cores per cpu, 2 threads per core) family 6 model 140 stepping 1 microcode 0x86, cx8, cmov, fxsr, ht, mmx, 3dnowpref, sse, sse2, sse3, ssse3, sse4.1, sse4.2, popcnt, lzcnt, tsc, tscinvbit, avx, avx2, aes, erms, clmul, bmi1, bmi2, adx, avx512f, avx512dq, avx512cd, avx512bw, avx512vl, sha, fma, vzeroupper, avx512_vpopcntdq, avx512_vpclmulqdq, avx512_vaes, avx512_vnni, clflush, clflushopt, clwb, avx512_vbmi2, avx512_vbmi, rdtscp, rdpid, fsrm, gfni, avx512_bitalg, f16c, pku, cet_ibt, cet_ss, avx512_ifma
Processor Information for processor 0
  Max Mhz: 2995, Current Mhz: 998, Mhz Limit: 2995
Processor Information for processor 1
  Max Mhz: 2995, Current Mhz: 2995, Mhz Limit: 2995
Processor Information for processor 2
  Max Mhz: 2995, Current Mhz: 2995, Mhz Limit: 2995
Processor Information for processor 3
  Max Mhz: 2995, Current Mhz: 2995, Mhz Limit: 2995

Memory: 4k page, system-wide physical 7886M (621M free)
TotalPageFile size 19753M (AvailPageFile size 0M)
current process WorkingSet (physical memory assigned to process): 628M, peak: 632M
current process commit charge ("private bytes"): 658M, peak: 663M

vm_info: OpenJDK 64-Bit Server VM (21.0.12.1+1-LTS) for windows-amd64 JRE (21.0.12.1+1-LTS), built on 2026-08-18T00:00:00Z by "admin" with MS VC++ 17.12 (VS2022)

END.
