#
# There is insufficient memory for the Java Runtime Environment to continue.
# Native memory allocation (malloc) failed to allocate 304016 bytes. Error detail: Chunk::new
# Possible reasons:
#   The system is out of physical RAM or swap space
#   This process is running with CompressedOops enabled, and the Java Heap may be blocking the growth of the native heap
# Possible solutions:
#   Reduce memory load on the system
#   Increase physical memory or swap space
#   Check if swap backing store is full
#   Decrease Java heap size (-Xmx/-Xms)
#   Decrease number of Java threads
#   Decrease Java thread stack sizes (-Xss)
#   Set larger code cache with -XX:ReservedCodeCacheSize=
#   JVM is running with Unscaled Compressed Oops mode in which the Java heap is
#     placed in the first 4GB address space. The Java Heap base address is the
#     maximum limit for the native heap growth. Please use -XX:HeapBaseMinAddress
#     to set the Java Heap base and to place the Java Heap above 4GB virtual address.
# This output file may be truncated or incomplete.
#
#  Out of Memory Error (arena.cpp:168), pid=21912, tid=12596
#
# JRE version: OpenJDK Runtime Environment Temurin-21.0.12.1+1 (21.0.12.1+1) (build 21.0.12.1+1-LTS)
# Java VM: OpenJDK 64-Bit Server VM Temurin-21.0.12.1+1 (21.0.12.1+1-LTS, mixed mode, sharing, tiered, compressed oops, compressed class ptrs, parallel gc, windows-amd64)
# No core dump will be written. Minidumps are not enabled by default on client versions of Windows
#

---------------  S U M M A R Y ------------

Command Line: --add-modules=ALL-SYSTEM --add-opens=java.base/java.util=ALL-UNNAMED --add-opens=java.base/java.lang=ALL-UNNAMED --add-opens=java.base/sun.nio.fs=ALL-UNNAMED -Declipse.application=org.eclipse.jdt.ls.core.id1 -Dosgi.bundles.defaultStartLevel=4 -Declipse.product=org.eclipse.jdt.ls.core.product -Djava.import.generatesMetadataFilesAtProjectRoot=false -Dm2e.project.cache.size=50 -DDetectVMInstallationsJob.disabled=true -Dfile.encoding=utf8 -XX:+UseParallelGC -XX:GCTimeRatio=4 -XX:AdaptiveSizePolicyWeight=90 -Dsun.zip.disableMemoryMapping=true -Xmx2G -Xms100m -Xlog:disable -javaagent:c:\Users\user\.vscode\extensions\redhat.java-1.56.0-win32-x64\lombok\lombok-1.18.39-4050.jar -XX:+HeapDumpOnOutOfMemoryError -XX:HeapDumpPath=c:\Users\user\AppData\Roaming\Code\User\workspaceStorage\770e35ca86616f1eaf69979a4e76e1bf\redhat.java -Daether.dependencyCollector.impl=bf c:\Users\user\.vscode\extensions\redhat.java-1.56.0-win32-x64\server\plugins\org.eclipse.equinox.launcher_1.8.0.v20260804-1928.jar -configuration c:\Users\user\AppData\Roaming\Code\User\globalStorage\redhat.java\1.56.0\config_win -data c:\Users\user\AppData\Roaming\Code\User\workspaceStorage\770e35ca86616f1eaf69979a4e76e1bf\redhat.java\jdt_ws --pipe=\\.\pipe\lsp-cd6db018340c909c5843490e01af8a50-sock

Host: 11th Gen Intel(R) Core(TM) i3-1115G4 @ 3.00GHz, 4 cores, 7G,  Windows 11 , 64 bit Build 26100 (10.0.26100.7705)
Time: Sun Sep 27 23:26:56 2026 SE Asia Standard Time elapsed time: 0.920597 seconds (0d 0h 0m 0s)

---------------  T H R E A D  ---------------

Current thread (0x000001ce1d1596b0):  JavaThread "C2 CompilerThread0" daemon [_thread_in_native, id=12596, stack(0x000000c496700000,0x000000c496800000) (1024K)]


Current CompileTask:
C2:920  533       4       lombok.launch.PackageShader::apply (252 bytes)

Stack: [0x000000c496700000,0x000000c496800000]
Native frames: (J=compiled Java code, j=interpreted, Vv=VM code, C=native code)
V  [jvm.dll+0x6d83e9]
V  [jvm.dll+0x8b5736]
V  [jvm.dll+0x8b7cee]
V  [jvm.dll+0x8b83d3]
V  [jvm.dll+0x284596]
V  [jvm.dll+0xc685d]
V  [jvm.dll+0xc6da1]
V  [jvm.dll+0x2fb5ae]
V  [jvm.dll+0x5fee94]
V  [jvm.dll+0x255d67]
V  [jvm.dll+0x24e3bf]
V  [jvm.dll+0x24bbe6]
V  [jvm.dll+0x1cb4ae]
V  [jvm.dll+0x25baad]
V  [jvm.dll+0x25a03a]
V  [jvm.dll+0x3f8aae]
V  [jvm.dll+0x8600cd]
V  [jvm.dll+0x6d6c1d]
C  [ucrtbase.dll+0x37b0]
C  [KERNEL32.DLL+0x2e8d7]
C  [ntdll.dll+0x8c40c]


---------------  P R O C E S S  ---------------

Threads class SMR info:
_java_thread_list=0x000001ce75aefb30, length=11, elements={
0x000001ce1d25b050, 0x000001ce1d1467c0, 0x000001ce1d149310, 0x000001ce1d14aaa0,
0x000001ce1d14fa50, 0x000001ce1d1521d0, 0x000001ce1d154850, 0x000001ce1d1596b0,
0x000001ce1d1d0f10, 0x000001ce759b50f0, 0x000001ce75a10f30
}

Java Threads: ( => current thread )
  0x000001ce1d25b050 JavaThread "main"                              [_thread_in_vm, id=7600, stack(0x000000c495d00000,0x000000c495e00000) (1024K)]
  0x000001ce1d1467c0 JavaThread "Reference Handler"          daemon [_thread_blocked, id=10744, stack(0x000000c496100000,0x000000c496200000) (1024K)]
  0x000001ce1d149310 JavaThread "Finalizer"                  daemon [_thread_blocked, id=22972, stack(0x000000c496200000,0x000000c496300000) (1024K)]
  0x000001ce1d14aaa0 JavaThread "Signal Dispatcher"          daemon [_thread_blocked, id=15600, stack(0x000000c496300000,0x000000c496400000) (1024K)]
  0x000001ce1d14fa50 JavaThread "Attach Listener"            daemon [_thread_blocked, id=14648, stack(0x000000c496400000,0x000000c496500000) (1024K)]
  0x000001ce1d1521d0 JavaThread "Service Thread"             daemon [_thread_blocked, id=16788, stack(0x000000c496500000,0x000000c496600000) (1024K)]
  0x000001ce1d154850 JavaThread "Monitor Deflation Thread"   daemon [_thread_blocked, id=18504, stack(0x000000c496600000,0x000000c496700000) (1024K)]
=>0x000001ce1d1596b0 JavaThread "C2 CompilerThread0"         daemon [_thread_in_native, id=12596, stack(0x000000c496700000,0x000000c496800000) (1024K)]
  0x000001ce1d1d0f10 JavaThread "C1 CompilerThread0"         daemon [_thread_blocked, id=18568, stack(0x000000c496800000,0x000000c496900000) (1024K)]
  0x000001ce759b50f0 JavaThread "Common-Cleaner"             daemon [_thread_blocked, id=13516, stack(0x000000c496900000,0x000000c496a00000) (1024K)]
  0x000001ce75a10f30 JavaThread "Notification Thread"        daemon [_thread_blocked, id=23144, stack(0x000000c496a00000,0x000000c496b00000) (1024K)]
Total: 11

Other Threads:
  0x000001ce1d31a6e0 VMThread "VM Thread"                           [id=7996, stack(0x000000c496000000,0x000000c496100000) (1024K)]
  0x000001ce1d2c96f0 WatcherThread "VM Periodic Task Thread"        [id=22088, stack(0x000000c495f00000,0x000000c496000000) (1024K)]
  0x000001ce1d27a2f0 WorkerThread "GC Thread#0"                     [id=20780, stack(0x000000c495e00000,0x000000c495f00000) (1024K)]
Total: 3

Threads with active compile tasks:
C2 CompilerThread0  949  533       4       lombok.launch.PackageShader::apply (252 bytes)
Total: 1

VM state: not at safepoint (normal execution)

VM Mutex/Monitor currently owned by a thread:  ([mutex/lock_event])
[0x00007ffd4f74d530] Metaspace_lock - owner thread: 0x000001ce1d25b050

Heap address: 0x0000000080000000, size: 2048 MB, Compressed Oops mode: 32-bit

CDS archive(s) mapped at: [0x000001ce34000000-0x000001ce34ba0000-0x000001ce34ba0000), size 12189696, SharedBaseAddress: 0x000001ce34000000, ArchiveRelocationMode: 1.
Compressed class space mapped at: 0x000001ce35000000-0x000001ce75000000, reserved size: 1073741824
Narrow klass base: 0x000001ce34000000, Narrow klass shift: 0, Narrow klass range: 0x100000000

GC Precious Log:
 CardTable entry size: 512
 CPUs: 4 total, 4 available
 Memory: 7886M
 Large Page Support: Disabled
 NUMA Support: Disabled
 Compressed Oops: Enabled (32-bit)
 Alignments: Space 512K, Generation 512K, Heap 2M
 Heap Min Capacity: 100M
 Heap Initial Capacity: 100M
 Heap Max Capacity: 2G
 Pre-touch: Disabled
 Parallel Workers: 4

Heap:
 PSYoungGen      total 29696K, used 9752K [0x00000000d5580000, 0x00000000d7680000, 0x0000000100000000)
  eden space 25600K, 38% used [0x00000000d5580000,0x00000000d5f062f8,0x00000000d6e80000)
  from space 4096K, 0% used [0x00000000d7280000,0x00000000d7280000,0x00000000d7680000)
  to   space 4096K, 0% used [0x00000000d6e80000,0x00000000d6e80000,0x00000000d7280000)
 ParOldGen       total 68608K, used 0K [0x0000000080000000, 0x0000000084300000, 0x00000000d5580000)
  object space 68608K, 0% used [0x0000000080000000,0x0000000080000000,0x0000000084300000)
 Metaspace       used 1170K, committed 1344K, reserved 1114112K
  class space    used 102K, committed 192K, reserved 1048576K

Card table byte_map: [0x000001ce1cc00000,0x000001ce1d010000] _byte_map_base: 0x000001ce1c800000

Marking Bits: (ParMarkBitMap*) 0x00007ffd4f7544a0
 Begin Bits: [0x000001ce2f710000, 0x000001ce31710000)
 End Bits:   [0x000001ce31710000, 0x000001ce33710000)

Polling page: 0x000001ce1af70000

Metaspace:

Usage:
  Non-class:      1.04 MB used.
      Class:    102.78 KB used.
       Both:      1.14 MB used.

Virtual space:
  Non-class space:       64.00 MB reserved,       1.12 MB (  2%) committed,  1 nodes.
      Class space:        1.00 GB reserved,     192.00 KB ( <1%) committed,  1 nodes.
             Both:        1.06 GB reserved,       1.31 MB ( <1%) committed. 

Chunk freelists:
   Non-Class:  11.66 MB
       Class:  15.67 MB
        Both:  27.33 MB

MaxMetaspaceSize: unlimited
CompressedClassSpaceSize: 1.00 GB
Initial GC threshold: 21.00 MB
Current GC threshold: 21.00 MB
CDS: on
 - commit_granule_bytes: 65536.
 - commit_granule_words: 8192.
 - virtual_space_node_default_size: 8388608.
 - enlarge_chunks_in_place: 1.
 - use_allocation_guard: 0.


Internal statistics:

num_allocs_failed_limit: 0.
num_arena_births: 74.
num_arena_deaths: 0.
num_vsnodes_births: 2.
num_vsnodes_deaths: 0.
num_space_committed: 21.
num_space_uncommitted: 0.
num_chunks_returned_to_freelist: 0.
num_chunks_taken_from_freelist: 96.
num_chunk_merges: 0.
num_chunk_splits: 67.
num_chunks_enlarged: 43.
num_inconsistent_stats: 0.

CodeHeap 'non-profiled nmethods': size=120000Kb used=183Kb max_used=183Kb free=119816Kb
 bounds [0x000001ce27f30000, 0x000001ce281a0000, 0x000001ce2f460000]
CodeHeap 'profiled nmethods': size=120000Kb used=796Kb max_used=796Kb free=119203Kb
 bounds [0x000001ce20460000, 0x000001ce206d0000, 0x000001ce27990000]
CodeHeap 'non-nmethods': size=5760Kb used=1159Kb max_used=1174Kb free=4600Kb
 bounds [0x000001ce27990000, 0x000001ce27c00000, 0x000001ce27f30000]
CodeCache: size=245760Kb, used=2138Kb, max_used=2153Kb, free=243619Kb
 total_blobs=949, nmethods=550, adapters=306, full_count=0
Compilation: enabled, stopped_count=0, restarted_count=0

Compilation events (20 events):
Event: 0.899 Thread 0x000001ce1d1d0f10 nmethod 531 0x000001ce2051bb90 code [0x000001ce2051bd40, 0x000001ce2051bf18]
Event: 0.902 Thread 0x000001ce1d1d0f10  532       3       java.lang.String::equalsIgnoreCase (45 bytes)
Event: 0.902 Thread 0x000001ce1d1d0f10 nmethod 532 0x000001ce2051c010 code [0x000001ce2051c200, 0x000001ce2051c730]
Event: 0.903 Thread 0x000001ce1d1596b0  533       4       lombok.launch.PackageShader::apply (252 bytes)
Event: 0.905 Thread 0x000001ce1d1d0f10  534       1       java.util.Collections$1::hasNext (5 bytes)
Event: 0.905 Thread 0x000001ce1d1d0f10 nmethod 534 0x000001ce27f5d390 code [0x000001ce27f5d520, 0x000001ce27f5d5f0]
Event: 0.909 Thread 0x000001ce1d1d0f10  535       3       java.lang.String::indexOf (64 bytes)
Event: 0.909 Thread 0x000001ce1d1d0f10 nmethod 535 0x000001ce2051c910 code [0x000001ce2051cb20, 0x000001ce2051cfd0]
Event: 0.909 Thread 0x000001ce1d1d0f10  536       3       java.lang.StringLatin1::indexOf (25 bytes)
Event: 0.909 Thread 0x000001ce1d1d0f10 nmethod 536 0x000001ce2051d190 code [0x000001ce2051d360, 0x000001ce2051d550]
Event: 0.909 Thread 0x000001ce1d1d0f10  537       3       java.util.ArrayList::get (15 bytes)
Event: 0.909 Thread 0x000001ce1d1d0f10 nmethod 537 0x000001ce2051d610 code [0x000001ce2051d7c0, 0x000001ce2051da18]
Event: 0.910 Thread 0x000001ce1d1d0f10  538       3       java.lang.String::contains (19 bytes)
Event: 0.911 Thread 0x000001ce1d1d0f10 nmethod 538 0x000001ce2051db90 code [0x000001ce2051dd60, 0x000001ce2051dfd0]
Event: 0.911 Thread 0x000001ce1d1d0f10  539       3       java.util.Collections$UnmodifiableCollection::<init> (22 bytes)
Event: 0.911 Thread 0x000001ce1d1d0f10 nmethod 539 0x000001ce2051e090 code [0x000001ce2051e240, 0x000001ce2051e4c0]
Event: 0.911 Thread 0x000001ce1d1d0f10  540       3       java.util.Collections$UnmodifiableCollection$1::next (10 bytes)
Event: 0.912 Thread 0x000001ce1d1d0f10 nmethod 540 0x000001ce2051e610 code [0x000001ce2051e7c0, 0x000001ce2051e998]
Event: 0.913 Thread 0x000001ce1d1d0f10  541       3       lombok.patcher.Hook::toSpec (95 bytes)
Event: 0.914 Thread 0x000001ce1d1d0f10 nmethod 541 0x000001ce2051ea90 code [0x000001ce2051edc0, 0x000001ce2051fd88]

GC Heap History (0 events):
No events

Dll operation events (16 events):
Event: 0.021 Attempting to load shared library c:\Users\user\.vscode\extensions\redhat.java-1.56.0-win32-x64\jre\21.0.12.1-win32-x86_64\bin\java.dll
Event: 0.021 Loaded shared library c:\Users\user\.vscode\extensions\redhat.java-1.56.0-win32-x64\jre\21.0.12.1-win32-x86_64\bin\java.dll
Event: 0.150 Attempting to load shared library c:\Users\user\.vscode\extensions\redhat.java-1.56.0-win32-x64\jre\21.0.12.1-win32-x86_64\bin\zip.dll
Event: 0.151 Loaded shared library c:\Users\user\.vscode\extensions\redhat.java-1.56.0-win32-x64\jre\21.0.12.1-win32-x86_64\bin\zip.dll
Event: 0.179 Attempting to load shared library C:\Users\user\.vscode\extensions\redhat.java-1.56.0-win32-x64\jre\21.0.12.1-win32-x86_64\bin\instrument.dll
Event: 0.179 Loaded shared library C:\Users\user\.vscode\extensions\redhat.java-1.56.0-win32-x64\jre\21.0.12.1-win32-x86_64\bin\instrument.dll
Event: 0.183 Attempting to load shared library C:\Users\user\.vscode\extensions\redhat.java-1.56.0-win32-x64\jre\21.0.12.1-win32-x86_64\bin\net.dll
Event: 0.184 Loaded shared library C:\Users\user\.vscode\extensions\redhat.java-1.56.0-win32-x64\jre\21.0.12.1-win32-x86_64\bin\net.dll
Event: 0.187 Attempting to load shared library C:\Users\user\.vscode\extensions\redhat.java-1.56.0-win32-x64\jre\21.0.12.1-win32-x86_64\bin\nio.dll
Event: 0.189 Loaded shared library C:\Users\user\.vscode\extensions\redhat.java-1.56.0-win32-x64\jre\21.0.12.1-win32-x86_64\bin\nio.dll
Event: 0.197 Attempting to load shared library C:\Users\user\.vscode\extensions\redhat.java-1.56.0-win32-x64\jre\21.0.12.1-win32-x86_64\bin\zip.dll
Event: 0.197 Loaded shared library C:\Users\user\.vscode\extensions\redhat.java-1.56.0-win32-x64\jre\21.0.12.1-win32-x86_64\bin\zip.dll
Event: 0.323 Attempting to load shared library C:\Users\user\.vscode\extensions\redhat.java-1.56.0-win32-x64\jre\21.0.12.1-win32-x86_64\bin\jimage.dll
Event: 0.323 Loaded shared library C:\Users\user\.vscode\extensions\redhat.java-1.56.0-win32-x64\jre\21.0.12.1-win32-x86_64\bin\jimage.dll
Event: 0.599 Attempting to load shared library c:\Users\user\.vscode\extensions\redhat.java-1.56.0-win32-x64\jre\21.0.12.1-win32-x86_64\bin\verify.dll
Event: 0.599 Loaded shared library c:\Users\user\.vscode\extensions\redhat.java-1.56.0-win32-x64\jre\21.0.12.1-win32-x86_64\bin\verify.dll

Deoptimization events (12 events):
Event: 0.216 Thread 0x000001ce1d25b050 Uncommon trap: trap_request=0xffffffde fr.pc=0x000001ce27f40420 relative=0x0000000000000760
Event: 0.216 Thread 0x000001ce1d25b050 Uncommon trap: reason=class_check action=maybe_recompile pc=0x000001ce27f40420 method=java.util.HashMap.putVal(ILjava/lang/Object;Ljava/lang/Object;ZZ)Ljava/lang/Object; @ 152 c2
Event: 0.216 Thread 0x000001ce1d25b050 DEOPT PACKING pc=0x000001ce27f40420 sp=0x000000c495dfe1d0
Event: 0.216 Thread 0x000001ce1d25b050 DEOPT UNPACKING pc=0x000001ce279e6da2 sp=0x000000c495dfe130 mode 2
Event: 0.216 Thread 0x000001ce1d25b050 Uncommon trap: trap_request=0xffffffde fr.pc=0x000001ce27f40420 relative=0x0000000000000760
Event: 0.216 Thread 0x000001ce1d25b050 Uncommon trap: reason=class_check action=maybe_recompile pc=0x000001ce27f40420 method=java.util.HashMap.putVal(ILjava/lang/Object;Ljava/lang/Object;ZZ)Ljava/lang/Object; @ 152 c2
Event: 0.216 Thread 0x000001ce1d25b050 DEOPT PACKING pc=0x000001ce27f40420 sp=0x000000c495dfe1d0
Event: 0.216 Thread 0x000001ce1d25b050 DEOPT UNPACKING pc=0x000001ce279e6da2 sp=0x000000c495dfe130 mode 2
Event: 0.885 Thread 0x000001ce1d25b050 DEOPT PACKING pc=0x000001ce20495b98 sp=0x000000c495dfd2d0
Event: 0.885 Thread 0x000001ce1d25b050 DEOPT UNPACKING pc=0x000001ce279e78e2 sp=0x000000c495dfc790 mode 0
Event: 0.904 Thread 0x000001ce1d25b050 DEOPT PACKING pc=0x000001ce2050508d sp=0x000000c495df9b90
Event: 0.904 Thread 0x000001ce1d25b050 DEOPT UNPACKING pc=0x000001ce279e78e2 sp=0x000000c495df9040 mode 0

Classes loaded (20 events):
Event: 0.604 Loading class java/lang/IllegalAccessException
Event: 0.604 Loading class java/lang/IllegalAccessException done
Event: 0.611 Loading class java/lang/IllegalStateException
Event: 0.611 Loading class java/lang/IllegalStateException done
Event: 0.615 Loading class java/lang/UnsupportedOperationException
Event: 0.615 Loading class java/lang/UnsupportedOperationException done
Event: 0.617 Loading class java/lang/instrument/ClassFileTransformer
Event: 0.617 Loading class java/lang/instrument/ClassFileTransformer done
Event: 0.629 Loading class java/lang/instrument/UnmodifiableClassException
Event: 0.629 Loading class java/lang/instrument/UnmodifiableClassException done
Event: 0.629 Loading class java/lang/instrument/ClassDefinition
Event: 0.629 Loading class java/lang/instrument/ClassDefinition done
Event: 0.736 Loading class java/lang/invoke/WrongMethodTypeException
Event: 0.747 Loading class java/lang/invoke/WrongMethodTypeException done
Event: 0.766 Loading class java/net/URLClassLoader
Event: 0.766 Loading class java/net/URLClassLoader done
Event: 0.797 Loading class java/util/regex/Pattern$Loop
Event: 0.798 Loading class java/util/regex/Pattern$Loop done
Event: 0.798 Loading class java/util/regex/Pattern$Prolog
Event: 0.798 Loading class java/util/regex/Pattern$Prolog done

Classes unloaded (0 events):
No events

Classes redefined (0 events):
No events

Internal exceptions (11 events):
Event: 0.146 Thread 0x000001ce1d25b050 Exception <a 'java/lang/NoSuchMethodError'{0x00000000d57a90c0}: 'void java.lang.invoke.DirectMethodHandle$Holder.invokeStatic(java.lang.Object, java.lang.Object, java.lang.Object)'> (0x00000000d57a90c0) 
thrown [s\src\hotspot\share\interpreter\linkResolver.cpp, line 773]
Event: 0.264 Thread 0x000001ce1d25b050 Exception <a 'java/lang/NoSuchMethodError'{0x00000000d5911d60}: 'java.lang.Object java.lang.invoke.Invokers$Holder.invokeExact_MT(java.lang.Object, java.lang.Object, java.lang.Object, java.lang.Object, java.lang.Object)'> (0x00000000d5911d60) 
thrown [s\src\hotspot\share\interpreter\linkResolver.cpp, line 773]
Event: 0.485 Thread 0x000001ce1d25b050 Exception <a 'java/lang/NoSuchMethodError'{0x00000000d59ca798}: 'int java.lang.invoke.DirectMethodHandle$Holder.invokeSpecial(java.lang.Object, java.lang.Object, java.lang.Object, int)'> (0x00000000d59ca798) 
thrown [s\src\hotspot\share\interpreter\linkResolver.cpp, line 773]
Event: 0.488 Thread 0x000001ce1d25b050 Exception <a 'java/lang/NoSuchMethodError'{0x00000000d59dd180}: 'java.lang.Object java.lang.invoke.DirectMethodHandle$Holder.invokeStatic(java.lang.Object, java.lang.Object, java.lang.Object, java.lang.Object, int)'> (0x00000000d59dd180) 
thrown [s\src\hotspot\share\interpreter\linkResolver.cpp, line 773]
Event: 0.498 Thread 0x000001ce1d25b050 Exception <a 'java/lang/NoSuchMethodError'{0x00000000d59e8628}: 'void java.lang.invoke.DelegatingMethodHandle$Holder.reinvoke_L(java.lang.Object, java.lang.Object, java.lang.Object, int, java.lang.Object)'> (0x00000000d59e8628) 
thrown [s\src\hotspot\share\interpreter\linkResolver.cpp, line 773]
Event: 0.505 Thread 0x000001ce1d25b050 Exception <a 'java/lang/NoSuchMethodError'{0x00000000d59f8f78}: 'int java.lang.invoke.DirectMethodHandle$Holder.invokeSpecial(java.lang.Object, java.lang.Object, java.lang.Object)'> (0x00000000d59f8f78) 
thrown [s\src\hotspot\share\interpreter\linkResolver.cpp, line 773]
Event: 0.516 Thread 0x000001ce1d25b050 Exception <a 'java/lang/NoSuchMethodError'{0x00000000d5a04c38}: 'java.lang.Object java.lang.invoke.DirectMethodHandle$Holder.invokeStatic(java.lang.Object, java.lang.Object, int)'> (0x00000000d5a04c38) 
thrown [s\src\hotspot\share\interpreter\linkResolver.cpp, line 773]
Event: 0.516 Thread 0x000001ce1d25b050 Exception <a 'java/lang/NoSuchMethodError'{0x00000000d5a09588}: 'void java.lang.invoke.DirectMethodHandle$Holder.invokeStatic(java.lang.Object, java.lang.Object, int, java.lang.Object)'> (0x00000000d5a09588) 
thrown [s\src\hotspot\share\interpreter\linkResolver.cpp, line 773]
Event: 0.517 Thread 0x000001ce1d25b050 Exception <a 'java/lang/NoSuchMethodError'{0x00000000d5a0d118}: 'void java.lang.invoke.DirectMethodHandle$Holder.invokeSpecial(java.lang.Object, java.lang.Object, java.lang.Object, int, java.lang.Object)'> (0x00000000d5a0d118) 
thrown [s\src\hotspot\share\interpreter\linkResolver.cpp, line 773]
Event: 0.517 Thread 0x000001ce1d25b050 Exception <a 'java/lang/NoSuchMethodError'{0x00000000d5a10588}: 'void java.lang.invoke.DelegatingMethodHandle$Holder.delegate(java.lang.Object, java.lang.Object, int, java.lang.Object)'> (0x00000000d5a10588) 
thrown [s\src\hotspot\share\interpreter\linkResolver.cpp, line 773]
Event: 0.722 Thread 0x000001ce1d25b050 Exception <a 'java/lang/NoSuchMethodError'{0x00000000d5bcf7a0}: 'void java.lang.invoke.DelegatingMethodHandle$Holder.reinvoke_L(java.lang.Object, java.lang.Object, java.lang.Object, int)'> (0x00000000d5bcf7a0) 
thrown [s\src\hotspot\share\interpreter\linkResolver.cpp, line 773]

ZGC Phase Switch (0 events):
No events

VM Operations (4 events):
Event: 0.150 Executing non-safepoint VM operation: HandshakeAllThreads (Deoptimize)
Event: 0.150 Executing non-safepoint VM operation: HandshakeAllThreads (Deoptimize) done
Event: 0.434 Executing non-safepoint VM operation: HandshakeAllThreads (Deoptimize)
Event: 0.434 Executing non-safepoint VM operation: HandshakeAllThreads (Deoptimize) done

Memory protections (0 events):
No events

Nmethod flushes (0 events):
No events

Events (10 events):
Event: 0.062 Thread 0x000001ce1d25b050 Thread added: 0x000001ce1d25b050
Event: 0.087 Thread 0x000001ce1d25b050 Thread added: 0x000001ce1d1467c0
Event: 0.087 Thread 0x000001ce1d25b050 Thread added: 0x000001ce1d149310
Event: 0.087 Thread 0x000001ce1d25b050 Thread added: 0x000001ce1d14aaa0
Event: 0.087 Thread 0x000001ce1d25b050 Thread added: 0x000001ce1d14fa50
Event: 0.087 Thread 0x000001ce1d25b050 Thread added: 0x000001ce1d1521d0
Event: 0.087 Thread 0x000001ce1d25b050 Thread added: 0x000001ce1d154850
Event: 0.087 Thread 0x000001ce1d25b050 Thread added: 0x000001ce1d1596b0
Event: 0.097 Thread 0x000001ce1d25b050 Thread added: 0x000001ce1d1d0f10
Event: 0.181 Thread 0x000001ce1d25b050 Thread added: 0x000001ce759b50f0


Dynamic libraries:
0x00007ff619680000 - 0x00007ff61968e000 	c:\Users\user\.vscode\extensions\redhat.java-1.56.0-win32-x64\jre\21.0.12.1-win32-x86_64\bin\java.exe
0x00007ffe223c0000 - 0x00007ffe22628000 	C:\WINDOWS\SYSTEM32\ntdll.dll
0x00007ffe214c0000 - 0x00007ffe21589000 	C:\WINDOWS\System32\KERNEL32.DLL
0x00007ffe1fc10000 - 0x00007ffe20001000 	C:\WINDOWS\System32\KERNELBASE.dll
0x00007ffe20010000 - 0x00007ffe2015b000 	C:\WINDOWS\System32\ucrtbase.dll
0x00007ffe15cd0000 - 0x00007ffe15ce8000 	c:\Users\user\.vscode\extensions\redhat.java-1.56.0-win32-x64\jre\21.0.12.1-win32-x86_64\bin\jli.dll
0x00007ffe207f0000 - 0x00007ffe209b6000 	C:\WINDOWS\System32\USER32.dll
0x00007ffe1ee20000 - 0x00007ffe1ee47000 	C:\WINDOWS\System32\win32u.dll
0x00007ffe20160000 - 0x00007ffe2018b000 	C:\WINDOWS\System32\GDI32.dll
0x00007ffe1f080000 - 0x00007ffe1f1ab000 	C:\WINDOWS\System32\gdi32full.dll
0x00007ffe1fb60000 - 0x00007ffe1fc03000 	C:\WINDOWS\System32\msvcp_win.dll
0x00007ffe15c50000 - 0x00007ffe15c6e000 	c:\Users\user\.vscode\extensions\redhat.java-1.56.0-win32-x64\jre\21.0.12.1-win32-x86_64\bin\VCRUNTIME140.dll
0x00007ffe0c860000 - 0x00007ffe0caf3000 	C:\WINDOWS\WinSxS\amd64_microsoft.windows.common-controls_6595b64144ccf1df_6.0.26100.7824_none_3e0870b2e3345462\COMCTL32.dll
0x00007ffe222d0000 - 0x00007ffe22379000 	C:\WINDOWS\System32\msvcrt.dll
0x00007ffe20320000 - 0x00007ffe20351000 	C:\WINDOWS\System32\IMM32.DLL
0x00007ffe15e90000 - 0x00007ffe15e9c000 	c:\Users\user\.vscode\extensions\redhat.java-1.56.0-win32-x64\jre\21.0.12.1-win32-x86_64\bin\vcruntime140_1.dll
0x00007ffdbdc40000 - 0x00007ffdbdccd000 	c:\Users\user\.vscode\extensions\redhat.java-1.56.0-win32-x64\jre\21.0.12.1-win32-x86_64\bin\msvcp140.dll
0x00007ffd4ea90000 - 0x00007ffd4f832000 	c:\Users\user\.vscode\extensions\redhat.java-1.56.0-win32-x64\jre\21.0.12.1-win32-x86_64\bin\server\jvm.dll
0x00007ffe21120000 - 0x00007ffe211d4000 	C:\WINDOWS\System32\ADVAPI32.dll
0x00007ffe215c0000 - 0x00007ffe21666000 	C:\WINDOWS\System32\sechost.dll
0x00007ffe213a0000 - 0x00007ffe214b8000 	C:\WINDOWS\System32\RPCRT4.dll
0x00007ffe20270000 - 0x00007ffe202e4000 	C:\WINDOWS\System32\WS2_32.dll
0x00007ffe1e950000 - 0x00007ffe1e9ae000 	C:\WINDOWS\SYSTEM32\POWRPROF.dll
0x00007ffe13320000 - 0x00007ffe13355000 	C:\WINDOWS\SYSTEM32\WINMM.dll
0x00007ffe0a410000 - 0x00007ffe0a41b000 	C:\WINDOWS\SYSTEM32\VERSION.dll
0x00007ffe1e930000 - 0x00007ffe1e944000 	C:\WINDOWS\SYSTEM32\UMPDC.dll
0x00007ffe1da40000 - 0x00007ffe1da5b000 	C:\WINDOWS\SYSTEM32\kernel.appcore.dll
0x00007ffe15c20000 - 0x00007ffe15c2a000 	c:\Users\user\.vscode\extensions\redhat.java-1.56.0-win32-x64\jre\21.0.12.1-win32-x86_64\bin\jimage.dll
0x00007ffe09d30000 - 0x00007ffe09f72000 	C:\WINDOWS\SYSTEM32\DBGHELP.DLL
0x00007ffe209c0000 - 0x00007ffe20d46000 	C:\WINDOWS\System32\combase.dll
0x00007ffe20f40000 - 0x00007ffe21017000 	C:\WINDOWS\System32\OLEAUT32.dll
0x00007ffe03570000 - 0x00007ffe035ab000 	C:\WINDOWS\SYSTEM32\dbgcore.DLL
0x00007ffe1fa20000 - 0x00007ffe1fac5000 	C:\WINDOWS\System32\bcryptPrimitives.dll
0x00007ffe15c40000 - 0x00007ffe15c4f000 	c:\Users\user\.vscode\extensions\redhat.java-1.56.0-win32-x64\jre\21.0.12.1-win32-x86_64\bin\instrument.dll
0x00007ffe055d0000 - 0x00007ffe055f0000 	c:\Users\user\.vscode\extensions\redhat.java-1.56.0-win32-x64\jre\21.0.12.1-win32-x86_64\bin\java.dll
0x00007ffe21b70000 - 0x00007ffe222c2000 	C:\WINDOWS\System32\SHELL32.dll
0x00007ffe1ee50000 - 0x00007ffe1efba000 	C:\WINDOWS\System32\wintypes.dll
0x00007ffe1f1b0000 - 0x00007ffe1fa13000 	C:\WINDOWS\System32\windows.storage.dll
0x00007ffe212a0000 - 0x00007ffe21396000 	C:\WINDOWS\System32\SHCORE.dll
0x00007ffe21a70000 - 0x00007ffe21ad7000 	C:\WINDOWS\System32\shlwapi.dll
0x00007ffe1ebc0000 - 0x00007ffe1ebe9000 	C:\WINDOWS\SYSTEM32\profapi.dll
0x00007ffe04620000 - 0x00007ffe04638000 	c:\Users\user\.vscode\extensions\redhat.java-1.56.0-win32-x64\jre\21.0.12.1-win32-x86_64\bin\zip.dll
0x00007ffe15c30000 - 0x00007ffe15c40000 	C:\Users\user\.vscode\extensions\redhat.java-1.56.0-win32-x64\jre\21.0.12.1-win32-x86_64\bin\net.dll
0x00007ffe0cc60000 - 0x00007ffe0cd87000 	C:\WINDOWS\SYSTEM32\WINHTTP.dll
0x00007ffe1dfb0000 - 0x00007ffe1e01b000 	C:\WINDOWS\system32\mswsock.dll
0x00007ffe02f70000 - 0x00007ffe02f86000 	C:\Users\user\.vscode\extensions\redhat.java-1.56.0-win32-x64\jre\21.0.12.1-win32-x86_64\bin\nio.dll
0x00007ffe0e070000 - 0x00007ffe0e080000 	c:\Users\user\.vscode\extensions\redhat.java-1.56.0-win32-x64\jre\21.0.12.1-win32-x86_64\bin\verify.dll

JVMTI agents:
c:\Users\user\.vscode\extensions\redhat.java-1.56.0-win32-x64\lombok\lombok-1.18.39-4050.jar path:c:\Users\user\.vscode\extensions\redhat.java-1.56.0-win32-x64\jre\21.0.12.1-win32-x86_64\bin\instrument.dll, loaded, initialized, instrumentlib options:none

dbghelp: loaded successfully - version: 4.0.5 - missing functions: none
symbol engine: initialized successfully - sym options: 0x614 - pdb path: .;c:\Users\user\.vscode\extensions\redhat.java-1.56.0-win32-x64\jre\21.0.12.1-win32-x86_64\bin;C:\WINDOWS\SYSTEM32;C:\WINDOWS\WinSxS\amd64_microsoft.windows.common-controls_6595b64144ccf1df_6.0.26100.7824_none_3e0870b2e3345462;c:\Users\user\.vscode\extensions\redhat.java-1.56.0-win32-x64\jre\21.0.12.1-win32-x86_64\bin\server

VM Arguments:
jvm_args: --add-modules=ALL-SYSTEM --add-opens=java.base/java.util=ALL-UNNAMED --add-opens=java.base/java.lang=ALL-UNNAMED --add-opens=java.base/sun.nio.fs=ALL-UNNAMED -Declipse.application=org.eclipse.jdt.ls.core.id1 -Dosgi.bundles.defaultStartLevel=4 -Declipse.product=org.eclipse.jdt.ls.core.product -Djava.import.generatesMetadataFilesAtProjectRoot=false -Dm2e.project.cache.size=50 -DDetectVMInstallationsJob.disabled=true -Dfile.encoding=utf8 -XX:+UseParallelGC -XX:GCTimeRatio=4 -XX:AdaptiveSizePolicyWeight=90 -Dsun.zip.disableMemoryMapping=true -Xmx2G -Xms100m -Xlog:disable -javaagent:c:\Users\user\.vscode\extensions\redhat.java-1.56.0-win32-x64\lombok\lombok-1.18.39-4050.jar -XX:+HeapDumpOnOutOfMemoryError -XX:HeapDumpPath=c:\Users\user\AppData\Roaming\Code\User\workspaceStorage\770e35ca86616f1eaf69979a4e76e1bf\redhat.java -Daether.dependencyCollector.impl=bf 
java_command: c:\Users\user\.vscode\extensions\redhat.java-1.56.0-win32-x64\server\plugins\org.eclipse.equinox.launcher_1.8.0.v20260804-1928.jar -configuration c:\Users\user\AppData\Roaming\Code\User\globalStorage\redhat.java\1.56.0\config_win -data c:\Users\user\AppData\Roaming\Code\User\workspaceStorage\770e35ca86616f1eaf69979a4e76e1bf\redhat.java\jdt_ws --pipe=\\.\pipe\lsp-cd6db018340c909c5843490e01af8a50-sock
java_class_path (initial): c:\Users\user\.vscode\extensions\redhat.java-1.56.0-win32-x64\server\plugins\org.eclipse.equinox.launcher_1.8.0.v20260804-1928.jar
Launcher Type: SUN_STANDARD

[Global flags]
    uintx AdaptiveSizePolicyWeight                 = 90                                        {product} {command line}
     intx CICompilerCount                          = 3                                         {product} {ergonomic}
    uintx GCTimeRatio                              = 4                                         {product} {command line}
     bool HeapDumpOnOutOfMemoryError               = true                                   {manageable} {command line}
    ccstr HeapDumpPath                             = c:\Users\user\AppData\Roaming\Code\User\workspaceStorage\770e35ca86616f1eaf69979a4e76e1bf\redhat.java         {manageable} {command line}
   size_t InitialHeapSize                          = 104857600                                 {product} {command line}
   size_t MaxHeapSize                              = 2147483648                                {product} {command line}
   size_t MaxNewSize                               = 715653120                                 {product} {ergonomic}
   size_t MinHeapDeltaBytes                        = 524288                                    {product} {ergonomic}
   size_t MinHeapSize                              = 104857600                                 {product} {command line}
   size_t NewSize                                  = 34603008                                  {product} {ergonomic}
    uintx NonNMethodCodeHeapSize                   = 5832780                                {pd product} {ergonomic}
    uintx NonProfiledCodeHeapSize                  = 122912730                              {pd product} {ergonomic}
   size_t OldSize                                  = 70254592                                  {product} {ergonomic}
    uintx ProfiledCodeHeapSize                     = 122912730                              {pd product} {ergonomic}
    uintx ReservedCodeCacheSize                    = 251658240                              {pd product} {ergonomic}
     bool SegmentedCodeCache                       = true                                      {product} {ergonomic}
   size_t SoftMaxHeapSize                          = 2147483648                             {manageable} {ergonomic}
     bool UseCompressedOops                        = true                           {product lp64_product} {ergonomic}
     bool UseLargePagesIndividualAllocation        = false                                  {pd product} {ergonomic}
     bool UseParallelGC                            = true                                      {product} {command line}

Logging:
Log output configuration:
 #0: stdout all=off uptime,level,tags foldmultilines=false
 #1: stderr all=off uptime,level,tags foldmultilines=false

Release file:
<release file has not been read>
Environment Variables:
PATH=C:\Program Files\Common Files\Oracle\Java\javapath;C:\WINDOWS\system32;C:\WINDOWS;C:\WINDOWS\System32\Wbem;C:\WINDOWS\System32\WindowsPowerShell\v1.0\;C:\WINDOWS\System32\OpenSSH\;C:\Program Files\dotnet\;C:\MinGW\bin;C:\Program Files\Git\cmd;D:\All Program Files\node js\;C:\Program Files\Tailscale\;C:\Users\user\AppData\Local\Programs\Python\Python313\Scripts\;C:\Users\user\AppData\Local\Programs\Python\Python313\;C:\Users\user\AppData\Local\Programs\Python\Launcher\;C:\Users\user\AppData\Local\Microsoft\WindowsApps;C:\Users\user\AppData\Local\Programs\Microsoft VS Code\bin;C:\Program Files\Java\jdk-25.0.2\bin;D:\All Program Files\Kiro\Kiro\bin;C:\Users\user\AppData\Roaming\npm
USERNAME=user
OS=Windows_NT
PROCESSOR_IDENTIFIER=Intel64 Family 6 Model 140 Stepping 1, GenuineIntel
TMP=C:\Users\user\AppData\Local\Temp
TEMP=C:\Users\user\AppData\Local\Temp




Periodic native trim disabled

---------------  S Y S T E M  ---------------

OS:
 Windows 11 , 64 bit Build 26100 (10.0.26100.7705)
OS uptime: 0 days 10:07 hours

CPU: total 4 (initial active 4) (2 cores per cpu, 2 threads per core) family 6 model 140 stepping 1 microcode 0x86, cx8, cmov, fxsr, ht, mmx, 3dnowpref, sse, sse2, sse3, ssse3, sse4.1, sse4.2, popcnt, lzcnt, tsc, tscinvbit, avx, avx2, aes, erms, clmul, bmi1, bmi2, adx, avx512f, avx512dq, avx512cd, avx512bw, avx512vl, sha, fma, vzeroupper, avx512_vpopcntdq, avx512_vpclmulqdq, avx512_vaes, avx512_vnni, clflush, clflushopt, clwb, avx512_vbmi2, avx512_vbmi, rdtscp, rdpid, fsrm, gfni, avx512_bitalg, f16c, pku, cet_ibt, cet_ss, avx512_ifma
Processor Information for the first 4 processors :
  Max Mhz: 2995, Current Mhz: 2995, Mhz Limit: 2995

Memory: 4k page, system-wide physical 7886M (1084M free)
TotalPageFile size 19752M (AvailPageFile size 2M)
current process WorkingSet (physical memory assigned to process): 49M, peak: 49M
current process commit charge ("private bytes"): 212M, peak: 212M

vm_info: OpenJDK 64-Bit Server VM (21.0.12.1+1-LTS) for windows-amd64 JRE (21.0.12.1+1-LTS), built on 2026-08-18T00:00:00Z by "admin" with MS VC++ 17.12 (VS2022)

END.
