#
# There is insufficient memory for the Java Runtime Environment to continue.
# Native memory allocation (malloc) failed to allocate 623536 bytes. Error detail: Chunk::new
# Possible reasons:
#   The system is out of physical RAM or swap space
#   This process is running with CompressedOops enabled, and the Java Heap may be blocking the growth of the native heap
# Possible solutions:
#   Reduce memory load on the system
#   Increase physical memory or swap space
#   Check if swap backing store is full
#   Decrease Java heap size (-Xmx/-Xms)
#   Decrease number of Java threads
#   Decrease Java thread stack sizes (-Xss)
#   Set larger code cache with -XX:ReservedCodeCacheSize=
#   JVM is running with Unscaled Compressed Oops mode in which the Java heap is
#     placed in the first 4GB address space. The Java Heap base address is the
#     maximum limit for the native heap growth. Please use -XX:HeapBaseMinAddress
#     to set the Java Heap base and to place the Java Heap above 4GB virtual address.
# This output file may be truncated or incomplete.
#
#  Out of Memory Error (arena.cpp:168), pid=19996, tid=24440
#
# JRE version: OpenJDK Runtime Environment Temurin-21.0.12.1+1 (21.0.12.1+1) (build 21.0.12.1+1-LTS)
# Java VM: OpenJDK 64-Bit Server VM Temurin-21.0.12.1+1 (21.0.12.1+1-LTS, mixed mode, sharing, tiered, compressed oops, compressed class ptrs, parallel gc, windows-amd64)
# No core dump will be written. Minidumps are not enabled by default on client versions of Windows
#

---------------  S U M M A R Y ------------

Command Line: --add-modules=ALL-SYSTEM --add-opens=java.base/java.util=ALL-UNNAMED --add-opens=java.base/java.lang=ALL-UNNAMED --add-opens=java.base/sun.nio.fs=ALL-UNNAMED -Declipse.application=org.eclipse.jdt.ls.core.id1 -Dosgi.bundles.defaultStartLevel=4 -Declipse.product=org.eclipse.jdt.ls.core.product -Djava.import.generatesMetadataFilesAtProjectRoot=false -Dm2e.project.cache.size=50 -DDetectVMInstallationsJob.disabled=true -Dfile.encoding=utf8 -XX:+UseParallelGC -XX:GCTimeRatio=4 -XX:AdaptiveSizePolicyWeight=90 -Dsun.zip.disableMemoryMapping=true -Xmx2G -Xms100m -Xlog:disable -javaagent:c:\Users\user\.vscode\extensions\redhat.java-1.56.0-win32-x64\lombok\lombok-1.18.39-4050.jar c:\Users\user\.vscode\extensions\redhat.java-1.56.0-win32-x64\server\plugins\org.eclipse.equinox.launcher_1.8.0.v20260804-1928.jar -configuration c:\Users\user\AppData\Roaming\Code\User\globalStorage\redhat.java\1.56.0\config_ss_win -data c:\Users\user\AppData\Roaming\Code\User\workspaceStorage\770e35ca86616f1eaf69979a4e76e1bf\redhat.java\ss_ws --pipe=\\.\pipe\lsp-513a2e741c9d3e52678525235fe007de-sock

Host: 11th Gen Intel(R) Core(TM) i3-1115G4 @ 3.00GHz, 4 cores, 7G,  Windows 11 , 64 bit Build 26100 (10.0.26100.7705)
Time: Sun Sep 27 23:49:28 2026 SE Asia Standard Time elapsed time: 4.377563 seconds (0d 0h 0m 4s)

---------------  T H R E A D  ---------------

Current thread (0x000001ac26e13100):  JavaThread "C2 CompilerThread0" daemon [_thread_in_native, id=24440, stack(0x0000003417d00000,0x0000003417e00000) (1024K)]


Current CompileTask:
C2:4377 2581       4       java.lang.invoke.MethodType::makeImpl (109 bytes)

Stack: [0x0000003417d00000,0x0000003417e00000]
Native frames: (J=compiled Java code, j=interpreted, Vv=VM code, C=native code)
V  [jvm.dll+0x6d83e9]
V  [jvm.dll+0x8b5736]
V  [jvm.dll+0x8b7cee]
V  [jvm.dll+0x8b83d3]
V  [jvm.dll+0x284596]
V  [jvm.dll+0xc685d]
V  [jvm.dll+0xc6da1]
V  [jvm.dll+0x2fb5ae]
V  [jvm.dll+0x5fee94]
V  [jvm.dll+0x255d67]
V  [jvm.dll+0x24ddab]
V  [jvm.dll+0x24bbe6]
V  [jvm.dll+0x1cb4ae]
V  [jvm.dll+0x25baad]
V  [jvm.dll+0x25a03a]
V  [jvm.dll+0x3f8aae]
V  [jvm.dll+0x8600cd]
V  [jvm.dll+0x6d6c1d]
C  [ucrtbase.dll+0x37b0]
C  [KERNEL32.DLL+0x2e8d7]
C  [ntdll.dll+0x8c40c]


---------------  P R O C E S S  ---------------

Threads class SMR info:
_java_thread_list=0x000001ac04aba470, length=19, elements={
0x000001ac26f1ea40, 0x000001ac26e04b10, 0x000001ac26e070f0, 0x000001ac26e0b270,
0x000001ac26e0edf0, 0x000001ac26e0f850, 0x000001ac26e122c0, 0x000001ac26e13100,
0x000001ac26e475a0, 0x000001ac7f6ba080, 0x000001ac7f7f28b0, 0x000001ac0460f170,
0x000001ac0461aa50, 0x000001ac0469cdf0, 0x000001ac04891bc0, 0x000001ac047e7df0,
0x000001ac048fdac0, 0x000001ac04ab6c10, 0x000001ac04ad88f0
}

Java Threads: ( => current thread )
  0x000001ac26f1ea40 JavaThread "main"                              [_thread_blocked, id=24600, stack(0x0000003417300000,0x0000003417400000) (1024K)]
  0x000001ac26e04b10 JavaThread "Reference Handler"          daemon [_thread_blocked, id=6100, stack(0x0000003417700000,0x0000003417800000) (1024K)]
  0x000001ac26e070f0 JavaThread "Finalizer"                  daemon [_thread_blocked, id=14112, stack(0x0000003417800000,0x0000003417900000) (1024K)]
  0x000001ac26e0b270 JavaThread "Signal Dispatcher"          daemon [_thread_blocked, id=17040, stack(0x0000003417900000,0x0000003417a00000) (1024K)]
  0x000001ac26e0edf0 JavaThread "Attach Listener"            daemon [_thread_blocked, id=23996, stack(0x0000003417a00000,0x0000003417b00000) (1024K)]
  0x000001ac26e0f850 JavaThread "Service Thread"             daemon [_thread_blocked, id=24196, stack(0x0000003417b00000,0x0000003417c00000) (1024K)]
  0x000001ac26e122c0 JavaThread "Monitor Deflation Thread"   daemon [_thread_blocked, id=17396, stack(0x0000003417c00000,0x0000003417d00000) (1024K)]
=>0x000001ac26e13100 JavaThread "C2 CompilerThread0"         daemon [_thread_in_native, id=24440, stack(0x0000003417d00000,0x0000003417e00000) (1024K)]
  0x000001ac26e475a0 JavaThread "C1 CompilerThread0"         daemon [_thread_in_native, id=23932, stack(0x0000003417e00000,0x0000003417f00000) (1024K)]
  0x000001ac7f6ba080 JavaThread "Common-Cleaner"             daemon [_thread_blocked, id=2856, stack(0x0000003417f00000,0x0000003418000000) (1024K)]
  0x000001ac7f7f28b0 JavaThread "Notification Thread"        daemon [_thread_blocked, id=18776, stack(0x0000003418000000,0x0000003418100000) (1024K)]
  0x000001ac0460f170 JavaThread "Active Thread: Equinox Container: 0e3454f2-e1f4-4452-9d07-b6bf5be8f898"        [_thread_blocked, id=3564, stack(0x0000003418100000,0x0000003418200000) (1024K)]
  0x000001ac0461aa50 JavaThread "Framework Event Dispatcher: Equinox Container: 0e3454f2-e1f4-4452-9d07-b6bf5be8f898" daemon [_thread_blocked, id=14236, stack(0x0000003418500000,0x0000003418600000) (1024K)]
  0x000001ac0469cdf0 JavaThread "Start Level: Equinox Container: 0e3454f2-e1f4-4452-9d07-b6bf5be8f898" daemon [_thread_in_vm, id=7596, stack(0x0000003418600000,0x0000003418700000) (1024K)]
  0x000001ac04891bc0 JavaThread "SCR Component Actor"        daemon [_thread_blocked, id=20616, stack(0x0000003418700000,0x0000003418800000) (1024K)]
  0x000001ac047e7df0 JavaThread "Worker-JM"                         [_thread_blocked, id=26292, stack(0x0000003418900000,0x0000003418a00000) (1024K)]
  0x000001ac048fdac0 JavaThread "JNA Cleaner"                daemon [_thread_blocked, id=25244, stack(0x0000003418800000,0x0000003418900000) (1024K)]
  0x000001ac04ab6c10 JavaThread "Worker-0"                          [_thread_blocked, id=16056, stack(0x0000003418a00000,0x0000003418b00000) (1024K)]
  0x000001ac04ad88f0 JavaThread "Worker-1"                          [_thread_blocked, id=24728, stack(0x0000003418b00000,0x0000003418c00000) (1024K)]
Total: 19

Other Threads:
  0x000001ac26fda590 VMThread "VM Thread"                           [id=12800, stack(0x0000003417600000,0x0000003417700000) (1024K)]
  0x000001ac26f8ca60 WatcherThread "VM Periodic Task Thread"        [id=22792, stack(0x0000003417500000,0x0000003417600000) (1024K)]
  0x000001ac26f3de70 WorkerThread "GC Thread#0"                     [id=22432, stack(0x0000003417400000,0x0000003417500000) (1024K)]
  0x000001ac04522c00 WorkerThread "GC Thread#1"                     [id=25376, stack(0x0000003418200000,0x0000003418300000) (1024K)]
  0x000001ac04411b00 WorkerThread "GC Thread#2"                     [id=4712, stack(0x0000003418300000,0x0000003418400000) (1024K)]
  0x000001ac04411eb0 WorkerThread "GC Thread#3"                     [id=3196, stack(0x0000003418400000,0x0000003418500000) (1024K)]
Total: 6

Threads with active compile tasks:
C2 CompilerThread0  4405 2581       4       java.lang.invoke.MethodType::makeImpl (109 bytes)
C1 CompilerThread0  4405 2612       3       org.lombokweb.asm.ClassReader::readMethod (1070 bytes)
Total: 2

VM state: not at safepoint (normal execution)

VM Mutex/Monitor currently owned by a thread: None

Heap address: 0x0000000080000000, size: 2048 MB, Compressed Oops mode: 32-bit

CDS archive(s) mapped at: [0x000001ac3e000000-0x000001ac3eba0000-0x000001ac3eba0000), size 12189696, SharedBaseAddress: 0x000001ac3e000000, ArchiveRelocationMode: 1.
Compressed class space mapped at: 0x000001ac3f000000-0x000001ac7f000000, reserved size: 1073741824
Narrow klass base: 0x000001ac3e000000, Narrow klass shift: 0, Narrow klass range: 0x100000000

GC Precious Log:
 CardTable entry size: 512
 CPUs: 4 total, 4 available
 Memory: 7886M
 Large Page Support: Disabled
 NUMA Support: Disabled
 Compressed Oops: Enabled (32-bit)
 Alignments: Space 512K, Generation 512K, Heap 2M
 Heap Min Capacity: 100M
 Heap Initial Capacity: 100M
 Heap Max Capacity: 2G
 Pre-touch: Disabled
 Parallel Workers: 4

Heap:
 PSYoungGen      total 29696K, used 26706K [0x00000000d5580000, 0x00000000d7680000, 0x0000000100000000)
  eden space 25600K, 88% used [0x00000000d5580000,0x00000000d6b99cc0,0x00000000d6e80000)
  from space 4096K, 99% used [0x00000000d6e80000,0x00000000d727ada8,0x00000000d7280000)
  to   space 4096K, 0% used [0x00000000d7280000,0x00000000d7280000,0x00000000d7680000)
 ParOldGen       total 68608K, used 3007K [0x0000000080000000, 0x0000000084300000, 0x00000000d5580000)
  object space 68608K, 4% used [0x0000000080000000,0x00000000802efd00,0x0000000084300000)
 Metaspace       used 16593K, committed 17216K, reserved 1114112K
  class space    used 1749K, committed 2048K, reserved 1048576K

Card table byte_map: [0x000001ac268c0000,0x000001ac26cd0000] _byte_map_base: 0x000001ac264c0000

Marking Bits: (ParMarkBitMap*) 0x00007ffdb47844a0
 Begin Bits: [0x000001ac393d0000, 0x000001ac3b3d0000)
 End Bits:   [0x000001ac3b3d0000, 0x000001ac3d3d0000)

Polling page: 0x000001ac24d80000

Metaspace:

Usage:
  Non-class:     14.50 MB used.
      Class:      1.71 MB used.
       Both:     16.20 MB used.

Virtual space:
  Non-class space:       64.00 MB reserved,      14.81 MB ( 23%) committed,  1 nodes.
      Class space:        1.00 GB reserved,       2.00 MB ( <1%) committed,  1 nodes.
             Both:        1.06 GB reserved,      16.81 MB (  2%) committed. 

Chunk freelists:
   Non-Class:  848.00 KB
       Class:  13.85 MB
        Both:  14.67 MB

MaxMetaspaceSize: unlimited
CompressedClassSpaceSize: 1.00 GB
Initial GC threshold: 21.00 MB
Current GC threshold: 21.00 MB
CDS: on
 - commit_granule_bytes: 65536.
 - commit_granule_words: 8192.
 - virtual_space_node_default_size: 8388608.
 - enlarge_chunks_in_place: 1.
 - use_allocation_guard: 0.


Internal statistics:

num_allocs_failed_limit: 0.
num_arena_births: 510.
num_arena_deaths: 0.
num_vsnodes_births: 2.
num_vsnodes_deaths: 0.
num_space_committed: 269.
num_space_uncommitted: 0.
num_chunks_returned_to_freelist: 0.
num_chunks_taken_from_freelist: 1127.
num_chunk_merges: 0.
num_chunk_splits: 707.
num_chunks_enlarged: 443.
num_inconsistent_stats: 0.

CodeHeap 'non-profiled nmethods': size=120000Kb used=1114Kb max_used=1114Kb free=118885Kb
 bounds [0x000001ac31bf0000, 0x000001ac31e60000, 0x000001ac39120000]
CodeHeap 'profiled nmethods': size=120000Kb used=5040Kb max_used=5040Kb free=114959Kb
 bounds [0x000001ac2a120000, 0x000001ac2a610000, 0x000001ac31650000]
CodeHeap 'non-nmethods': size=5760Kb used=1282Kb max_used=1296Kb free=4477Kb
 bounds [0x000001ac31650000, 0x000001ac318c0000, 0x000001ac31bf0000]
CodeCache: size=245760Kb, used=7436Kb, max_used=7450Kb, free=238321Kb
 total_blobs=3154, nmethods=2606, adapters=454, full_count=0
Compilation: enabled, stopped_count=0, restarted_count=0

Compilation events (20 events):
Event: 4.344 Thread 0x000001ac26e475a0 2588       1       org.eclipse.core.internal.dtree.AbstractDataTreeNode::isDelta (2 bytes)
Event: 4.345 Thread 0x000001ac26e475a0 nmethod 2588 0x000001ac31d05e10 code [0x000001ac31d05fa0, 0x000001ac31d06068]
Event: 4.345 Thread 0x000001ac26e475a0 2589       3       org.eclipse.core.internal.preferences.EclipsePreferences::internalNode (153 bytes)
Event: 4.347 Thread 0x000001ac26e475a0 nmethod 2589 0x000001ac2a5f9990 code [0x000001ac2a5f9da0, 0x000001ac2a5fbe20]
Event: 4.347 Thread 0x000001ac26e475a0 2591       2       java.util.Arrays::copyOf (40 bytes)
Event: 4.347 Thread 0x000001ac26e475a0 nmethod 2591 0x000001ac2a5fc990 code [0x000001ac2a5fcb60, 0x000001ac2a5fcf60]
Event: 4.347 Thread 0x000001ac26e475a0 2593       3       java.lang.reflect.Array::newInstance (6 bytes)
Event: 4.347 Thread 0x000001ac26e475a0 nmethod 2593 0x000001ac2a5fd110 code [0x000001ac2a5fd2c0, 0x000001ac2a5fd3d8]
Event: 4.347 Thread 0x000001ac26e475a0 2590       3       org.eclipse.core.internal.preferences.EclipsePreferences::node (8 bytes)
Event: 4.347 Thread 0x000001ac26e475a0 nmethod 2590 0x000001ac2a5fd490 code [0x000001ac2a5fd640, 0x000001ac2a5fd818]
Event: 4.347 Thread 0x000001ac26e475a0 2592       1       org.eclipse.core.internal.resources.Resource::getFullPath (5 bytes)
Event: 4.348 Thread 0x000001ac26e475a0 nmethod 2592 0x000001ac31d06110 code [0x000001ac31d062a0, 0x000001ac31d06368]
Event: 4.348 Thread 0x000001ac26e475a0 2594       3       java.lang.ThreadLocal$ThreadLocalMap::nextIndex (15 bytes)
Event: 4.348 Thread 0x000001ac26e475a0 nmethod 2594 0x000001ac2a5fd910 code [0x000001ac2a5fdaa0, 0x000001ac2a5fdbd8]
Event: 4.349 Thread 0x000001ac26e475a0 2595       3       jdk.internal.misc.Unsafe::checkPrimitivePointer (19 bytes)
Event: 4.349 Thread 0x000001ac26e475a0 nmethod 2595 0x000001ac2a5fdc90 code [0x000001ac2a5fdea0, 0x000001ac2a5fe498]
Event: 4.349 Thread 0x000001ac26e475a0 2596       3       jdk.internal.misc.Unsafe::checkPointer (19 bytes)
Event: 4.349 Thread 0x000001ac26e475a0 nmethod 2596 0x000001ac2a5fe710 code [0x000001ac2a5fe8e0, 0x000001ac2a5fec68]
Event: 4.351 Thread 0x000001ac26e475a0 2598       3       java.util.concurrent.TimeUnit::toNanos (45 bytes)
Event: 4.351 Thread 0x000001ac26e475a0 nmethod 2598 0x000001ac2a5fee10 code [0x000001ac2a5fefc0, 0x000001ac2a5ff210]

GC Heap History (6 events):
Event: 1.604 GC heap before
{Heap before GC invocations=1 (full 0):
 PSYoungGen      total 29696K, used 25600K [0x00000000d5580000, 0x00000000d7680000, 0x0000000100000000)
  eden space 25600K, 100% used [0x00000000d5580000,0x00000000d6e80000,0x00000000d6e80000)
  from space 4096K, 0% used [0x00000000d7280000,0x00000000d7280000,0x00000000d7680000)
  to   space 4096K, 0% used [0x00000000d6e80000,0x00000000d6e80000,0x00000000d7280000)
 ParOldGen       total 68608K, used 0K [0x0000000080000000, 0x0000000084300000, 0x00000000d5580000)
  object space 68608K, 0% used [0x0000000080000000,0x0000000080000000,0x0000000084300000)
 Metaspace       used 4381K, committed 4672K, reserved 1114112K
  class space    used 476K, committed 576K, reserved 1048576K
}
Event: 1.615 GC heap after
{Heap after GC invocations=1 (full 0):
 PSYoungGen      total 29696K, used 3271K [0x00000000d5580000, 0x00000000d7680000, 0x0000000100000000)
  eden space 25600K, 0% used [0x00000000d5580000,0x00000000d5580000,0x00000000d6e80000)
  from space 4096K, 79% used [0x00000000d6e80000,0x00000000d71b1e98,0x00000000d7280000)
  to   space 4096K, 0% used [0x00000000d7280000,0x00000000d7280000,0x00000000d7680000)
 ParOldGen       total 68608K, used 16K [0x0000000080000000, 0x0000000084300000, 0x00000000d5580000)
  object space 68608K, 0% used [0x0000000080000000,0x0000000080004000,0x0000000084300000)
 Metaspace       used 4381K, committed 4672K, reserved 1114112K
  class space    used 476K, committed 576K, reserved 1048576K
}
Event: 2.683 GC heap before
{Heap before GC invocations=2 (full 0):
 PSYoungGen      total 29696K, used 28871K [0x00000000d5580000, 0x00000000d7680000, 0x0000000100000000)
  eden space 25600K, 100% used [0x00000000d5580000,0x00000000d6e80000,0x00000000d6e80000)
  from space 4096K, 79% used [0x00000000d6e80000,0x00000000d71b1e98,0x00000000d7280000)
  to   space 4096K, 0% used [0x00000000d7280000,0x00000000d7280000,0x00000000d7680000)
 ParOldGen       total 68608K, used 16K [0x0000000080000000, 0x0000000084300000, 0x00000000d5580000)
  object space 68608K, 0% used [0x0000000080000000,0x0000000080004000,0x0000000084300000)
 Metaspace       used 8220K, committed 8448K, reserved 1114112K
  class space    used 869K, committed 960K, reserved 1048576K
}
Event: 2.691 GC heap after
{Heap after GC invocations=2 (full 0):
 PSYoungGen      total 29696K, used 4093K [0x00000000d5580000, 0x00000000d7680000, 0x0000000100000000)
  eden space 25600K, 0% used [0x00000000d5580000,0x00000000d5580000,0x00000000d6e80000)
  from space 4096K, 99% used [0x00000000d7280000,0x00000000d767f698,0x00000000d7680000)
  to   space 4096K, 0% used [0x00000000d6e80000,0x00000000d6e80000,0x00000000d7280000)
 ParOldGen       total 68608K, used 1046K [0x0000000080000000, 0x0000000084300000, 0x00000000d5580000)
  object space 68608K, 1% used [0x0000000080000000,0x0000000080105840,0x0000000084300000)
 Metaspace       used 8220K, committed 8448K, reserved 1114112K
  class space    used 869K, committed 960K, reserved 1048576K
}
Event: 3.482 GC heap before
{Heap before GC invocations=3 (full 0):
 PSYoungGen      total 29696K, used 29693K [0x00000000d5580000, 0x00000000d7680000, 0x0000000100000000)
  eden space 25600K, 100% used [0x00000000d5580000,0x00000000d6e80000,0x00000000d6e80000)
  from space 4096K, 99% used [0x00000000d7280000,0x00000000d767f698,0x00000000d7680000)
  to   space 4096K, 0% used [0x00000000d6e80000,0x00000000d6e80000,0x00000000d7280000)
 ParOldGen       total 68608K, used 1046K [0x0000000080000000, 0x0000000084300000, 0x00000000d5580000)
  object space 68608K, 1% used [0x0000000080000000,0x0000000080105840,0x0000000084300000)
 Metaspace       used 13089K, committed 13632K, reserved 1114112K
  class space    used 1374K, committed 1600K, reserved 1048576K
}
Event: 3.487 GC heap after
{Heap after GC invocations=3 (full 0):
 PSYoungGen      total 29696K, used 4075K [0x00000000d5580000, 0x00000000d7680000, 0x0000000100000000)
  eden space 25600K, 0% used [0x00000000d5580000,0x00000000d5580000,0x00000000d6e80000)
  from space 4096K, 99% used [0x00000000d6e80000,0x00000000d727ada8,0x00000000d7280000)
  to   space 4096K, 0% used [0x00000000d7280000,0x00000000d7280000,0x00000000d7680000)
 ParOldGen       total 68608K, used 3007K [0x0000000080000000, 0x0000000084300000, 0x00000000d5580000)
  object space 68608K, 4% used [0x0000000080000000,0x00000000802efd00,0x0000000084300000)
 Metaspace       used 13089K, committed 13632K, reserved 1114112K
  class space    used 1374K, committed 1600K, reserved 1048576K
}

Dll operation events (20 events):
Event: 0.016 Attempting to load shared library c:\Users\user\.vscode\extensions\redhat.java-1.56.0-win32-x64\jre\21.0.12.1-win32-x86_64\bin\java.dll
Event: 0.016 Loaded shared library c:\Users\user\.vscode\extensions\redhat.java-1.56.0-win32-x64\jre\21.0.12.1-win32-x86_64\bin\java.dll
Event: 0.138 Attempting to load shared library c:\Users\user\.vscode\extensions\redhat.java-1.56.0-win32-x64\jre\21.0.12.1-win32-x86_64\bin\zip.dll
Event: 0.138 Loaded shared library c:\Users\user\.vscode\extensions\redhat.java-1.56.0-win32-x64\jre\21.0.12.1-win32-x86_64\bin\zip.dll
Event: 0.163 Attempting to load shared library C:\Users\user\.vscode\extensions\redhat.java-1.56.0-win32-x64\jre\21.0.12.1-win32-x86_64\bin\instrument.dll
Event: 0.163 Loaded shared library C:\Users\user\.vscode\extensions\redhat.java-1.56.0-win32-x64\jre\21.0.12.1-win32-x86_64\bin\instrument.dll
Event: 0.174 Attempting to load shared library C:\Users\user\.vscode\extensions\redhat.java-1.56.0-win32-x64\jre\21.0.12.1-win32-x86_64\bin\net.dll
Event: 0.175 Loaded shared library C:\Users\user\.vscode\extensions\redhat.java-1.56.0-win32-x64\jre\21.0.12.1-win32-x86_64\bin\net.dll
Event: 0.178 Attempting to load shared library C:\Users\user\.vscode\extensions\redhat.java-1.56.0-win32-x64\jre\21.0.12.1-win32-x86_64\bin\nio.dll
Event: 0.178 Loaded shared library C:\Users\user\.vscode\extensions\redhat.java-1.56.0-win32-x64\jre\21.0.12.1-win32-x86_64\bin\nio.dll
Event: 0.183 Attempting to load shared library C:\Users\user\.vscode\extensions\redhat.java-1.56.0-win32-x64\jre\21.0.12.1-win32-x86_64\bin\zip.dll
Event: 0.183 Loaded shared library C:\Users\user\.vscode\extensions\redhat.java-1.56.0-win32-x64\jre\21.0.12.1-win32-x86_64\bin\zip.dll
Event: 0.226 Attempting to load shared library C:\Users\user\.vscode\extensions\redhat.java-1.56.0-win32-x64\jre\21.0.12.1-win32-x86_64\bin\jimage.dll
Event: 0.226 Loaded shared library C:\Users\user\.vscode\extensions\redhat.java-1.56.0-win32-x64\jre\21.0.12.1-win32-x86_64\bin\jimage.dll
Event: 0.404 Attempting to load shared library c:\Users\user\.vscode\extensions\redhat.java-1.56.0-win32-x64\jre\21.0.12.1-win32-x86_64\bin\verify.dll
Event: 0.405 Loaded shared library c:\Users\user\.vscode\extensions\redhat.java-1.56.0-win32-x64\jre\21.0.12.1-win32-x86_64\bin\verify.dll
Event: 2.636 Attempting to load shared library C:\Users\user\AppData\Roaming\Code\User\globalStorage\redhat.java\1.56.0\config_ss_win\org.eclipse.equinox.launcher\org.eclipse.equinox.launcher.win32.win32.x86_64_1.3.100.v20260804-1928\eclipse_11924.dll
Event: 2.642 Loaded shared library C:\Users\user\AppData\Roaming\Code\User\globalStorage\redhat.java\1.56.0\config_ss_win\org.eclipse.equinox.launcher\org.eclipse.equinox.launcher.win32.win32.x86_64_1.3.100.v20260804-1928\eclipse_11924.dll
Event: 3.987 Attempting to load shared library C:\Users\user\AppData\Local\Temp\jna-3599307\jna5485741688886247796.dll
Event: 4.211 Loaded shared library C:\Users\user\AppData\Local\Temp\jna-3599307\jna5485741688886247796.dll

Deoptimization events (20 events):
Event: 3.857 Thread 0x000001ac0469cdf0 DEOPT PACKING pc=0x000001ac31caeaec sp=0x00000034186f4590
Event: 3.857 Thread 0x000001ac0469cdf0 DEOPT UNPACKING pc=0x000001ac316a6da2 sp=0x00000034186f4518 mode 2
Event: 3.894 Thread 0x000001ac0469cdf0 Uncommon trap: trap_request=0xffffff45 fr.pc=0x000001ac31cc3fa8 relative=0x00000000000009e8
Event: 3.894 Thread 0x000001ac0469cdf0 Uncommon trap: reason=unstable_if action=reinterpret pc=0x000001ac31cc3fa8 method=java.io.BufferedInputStream.implRead([BII)I @ 55 c2
Event: 3.894 Thread 0x000001ac0469cdf0 DEOPT PACKING pc=0x000001ac31cc3fa8 sp=0x00000034186f44c0
Event: 3.894 Thread 0x000001ac0469cdf0 DEOPT UNPACKING pc=0x000001ac316a6da2 sp=0x00000034186f4418 mode 2
Event: 3.924 Thread 0x000001ac0469cdf0 Uncommon trap: trap_request=0xffffff45 fr.pc=0x000001ac31c26fa8 relative=0x0000000000000688
Event: 3.924 Thread 0x000001ac0469cdf0 Uncommon trap: reason=unstable_if action=reinterpret pc=0x000001ac31c26fa8 method=java.lang.String.replace(Ljava/lang/CharSequence;Ljava/lang/CharSequence;)Ljava/lang/String; @ 42 c2
Event: 3.924 Thread 0x000001ac0469cdf0 DEOPT PACKING pc=0x000001ac31c26fa8 sp=0x00000034186f2cc0
Event: 3.924 Thread 0x000001ac0469cdf0 DEOPT UNPACKING pc=0x000001ac316a6da2 sp=0x00000034186f2c40 mode 2
Event: 4.251 Thread 0x000001ac0469cdf0 DEOPT PACKING pc=0x000001ac2a51bfb5 sp=0x00000034186f2830
Event: 4.251 Thread 0x000001ac0469cdf0 DEOPT UNPACKING pc=0x000001ac316a78e2 sp=0x00000034186f1d58 mode 0
Event: 4.281 Thread 0x000001ac0469cdf0 Uncommon trap: trap_request=0xffffff45 fr.pc=0x000001ac31c736d0 relative=0x0000000000000610
Event: 4.281 Thread 0x000001ac0469cdf0 Uncommon trap: reason=unstable_if action=reinterpret pc=0x000001ac31c736d0 method=java.io.BufferedInputStream.implRead([BII)I @ 55 c2
Event: 4.281 Thread 0x000001ac0469cdf0 DEOPT PACKING pc=0x000001ac31c736d0 sp=0x00000034186f4440
Event: 4.281 Thread 0x000001ac0469cdf0 DEOPT UNPACKING pc=0x000001ac316a6da2 sp=0x00000034186f4418 mode 2
Event: 4.307 Thread 0x000001ac0469cdf0 Uncommon trap: trap_request=0xffffffcc fr.pc=0x000001ac31d0321c relative=0x000000000000035c
Event: 4.307 Thread 0x000001ac0469cdf0 Uncommon trap: reason=intrinsic_or_type_checked_inlining action=make_not_entrant pc=0x000001ac31d0321c method=java.util.Arrays.copyOf([Ljava/lang/Object;ILjava/lang/Class;)[Ljava/lang/Object; @ 35 c2
Event: 4.307 Thread 0x000001ac0469cdf0 DEOPT PACKING pc=0x000001ac31d0321c sp=0x00000034186f4c60
Event: 4.307 Thread 0x000001ac0469cdf0 DEOPT UNPACKING pc=0x000001ac316a6da2 sp=0x00000034186f4c08 mode 2

Classes loaded (20 events):
Event: 4.244 Loading class java/lang/StackStreamFactory$FrameBuffer done
Event: 4.244 Loading class java/lang/StackStreamFactory$StackFrameTraverser$StackFrameBuffer done
Event: 4.245 Loading class java/util/stream/SliceOps
Event: 4.245 Loading class java/util/stream/SliceOps done
Event: 4.245 Loading class java/util/stream/SliceOps$1
Event: 4.245 Loading class java/util/stream/SliceOps$1 done
Event: 4.245 Loading class java/util/stream/SliceOps$1$1
Event: 4.245 Loading class java/util/stream/SliceOps$1$1 done
Event: 4.249 Loading class jdk/internal/reflect/MethodHandleShortFieldAccessorImpl
Event: 4.249 Loading class jdk/internal/reflect/MethodHandleShortFieldAccessorImpl done
Event: 4.249 Loading class java/lang/Short$ShortCache
Event: 4.249 Loading class java/lang/Short$ShortCache done
Event: 4.292 Loading class java/util/function/LongUnaryOperator
Event: 4.292 Loading class java/util/function/LongUnaryOperator done
Event: 4.292 Loading class java/lang/ThreadDeath
Event: 4.292 Loading class java/lang/ThreadDeath done
Event: 4.300 Loading class java/util/stream/SortedOps$SizedRefSortingSink
Event: 4.301 Loading class java/util/stream/SortedOps$SizedRefSortingSink done
Event: 4.334 Loading class java/util/concurrent/atomic/Striped64$1
Event: 4.335 Loading class java/util/concurrent/atomic/Striped64$1 done

Classes unloaded (0 events):
No events

Classes redefined (0 events):
No events

Internal exceptions (20 events):
Event: 3.977 Thread 0x000001ac0469cdf0 Exception <a 'java/lang/NoSuchMethodError'{0x00000000d62625a8}: 'java.lang.Object java.lang.invoke.DirectMethodHandle$Holder.invokeStaticInit(java.lang.Object, java.lang.Object, int, int, int, int)'> (0x00000000d62625a8) 
thrown [s\src\hotspot\share\interpreter\linkResolver.cpp, line 773]
Event: 4.232 Thread 0x000001ac0469cdf0 Exception <a 'java/lang/NoSuchMethodError'{0x00000000d637b068}: 'void java.lang.invoke.DirectMethodHandle$Holder.invokeSpecial(java.lang.Object, java.lang.Object, java.lang.Object, int)'> (0x00000000d637b068) 
thrown [s\src\hotspot\share\interpreter\linkResolver.cpp, line 773]
Event: 4.232 Thread 0x000001ac0469cdf0 Exception <a 'java/lang/NoSuchMethodError'{0x00000000d637eca8}: 'void java.lang.invoke.DelegatingMethodHandle$Holder.reinvoke_L(java.lang.Object, java.lang.Object, int)'> (0x00000000d637eca8) 
thrown [s\src\hotspot\share\interpreter\linkResolver.cpp, line 773]
Event: 4.232 Thread 0x000001ac0469cdf0 Exception <a 'java/lang/NoSuchMethodError'{0x00000000d6385c40}: 'int java.lang.invoke.Invokers$Holder.invokeExact_MT(java.lang.Object, java.lang.Object, java.lang.Object)'> (0x00000000d6385c40) 
thrown [s\src\hotspot\share\interpreter\linkResolver.cpp, line 773]
Event: 4.243 Thread 0x000001ac0469cdf0 Exception <a 'java/lang/NoSuchMethodError'{0x00000000d6450a78}: method resolution failed> (0x00000000d6450a78) 
thrown [s\src\hotspot\share\prims\methodHandles.cpp, line 1136]
Event: 4.252 Thread 0x000001ac0469cdf0 Exception <a 'java/lang/NoSuchMethodError'{0x00000000d64bd488}: 'void java.lang.invoke.Invokers$Holder.invokeExact_MT(java.lang.Object, java.lang.Object, int, java.lang.Object)'> (0x00000000d64bd488) 
thrown [s\src\hotspot\share\interpreter\linkResolver.cpp, line 773]
Event: 4.291 Thread 0x000001ac0469cdf0 Exception <a 'java/lang/NoSuchMethodError'{0x00000000d65c24a0}: 'java.lang.Object java.lang.invoke.DirectMethodHandle$Holder.invokeSpecial(java.lang.Object, java.lang.Object, java.lang.Object, long, java.lang.Object)'> (0x00000000d65c24a0) 
thrown [s\src\hotspot\share\interpreter\linkResolver.cpp, line 773]
Event: 4.291 Thread 0x000001ac0469cdf0 Exception <a 'java/lang/NoSuchMethodError'{0x00000000d65c9ce8}: 'java.lang.Object java.lang.invoke.DirectMethodHandle$Holder.newInvokeSpecial(java.lang.Object, java.lang.Object, java.lang.Object, long)'> (0x00000000d65c9ce8) 
thrown [s\src\hotspot\share\interpreter\linkResolver.cpp, line 773]
Event: 4.291 Thread 0x000001ac0469cdf0 Exception <a 'java/lang/NoSuchMethodError'{0x00000000d65ce098}: 'java.lang.Object java.lang.invoke.DirectMethodHandle$Holder.invokeSpecial(java.lang.Object, java.lang.Object, java.lang.Object, java.lang.Object, long)'> (0x00000000d65ce098) 
thrown [s\src\hotspot\share\interpreter\linkResolver.cpp, line 773]
Event: 4.291 Thread 0x000001ac0469cdf0 Exception <a 'java/lang/NoSuchMethodError'{0x00000000d65d1cb8}: 'java.lang.Object java.lang.invoke.Invokers$Holder.linkToTargetMethod(java.lang.Object, java.lang.Object, long, java.lang.Object)'> (0x00000000d65d1cb8) 
thrown [s\src\hotspot\share\interpreter\linkResolver.cpp, line 773]
Event: 4.299 Thread 0x000001ac0469cdf0 Exception <a 'java/lang/NoSuchMethodError'{0x00000000d6643ec8}: 'int java.lang.invoke.DirectMethodHandle$Holder.invokeStaticInit(java.lang.Object, java.lang.Object, java.lang.Object)'> (0x00000000d6643ec8) 
thrown [s\src\hotspot\share\interpreter\linkResolver.cpp, line 773]
Event: 4.308 Thread 0x000001ac0469cdf0 Exception <a 'java/lang/IncompatibleClassChangeError'{0x00000000d66d0d20}: Found class java.lang.Object, but interface was expected> (0x00000000d66d0d20) 
thrown [s\src\hotspot\share\interpreter\linkResolver.cpp, line 840]
Event: 4.317 Thread 0x000001ac0469cdf0 Exception <a 'java/lang/NoSuchMethodError'{0x00000000d66e5740}: 'java.lang.Object java.lang.invoke.DirectMethodHandle$Holder.invokeSpecial(java.lang.Object, java.lang.Object, java.lang.Object, int, java.lang.Object, java.lang.Object)'> (0x00000000d66e5740) 
thrown [s\src\hotspot\share\interpreter\linkResolver.cpp, line 773]
Event: 4.317 Thread 0x000001ac0469cdf0 Exception <a 'java/lang/NoSuchMethodError'{0x00000000d66ed458}: 'java.lang.Object java.lang.invoke.DirectMethodHandle$Holder.newInvokeSpecial(java.lang.Object, java.lang.Object, java.lang.Object, int, java.lang.Object)'> (0x00000000d66ed458) 
thrown [s\src\hotspot\share\interpreter\linkResolver.cpp, line 773]
Event: 4.318 Thread 0x000001ac0469cdf0 Exception <a 'java/lang/NoSuchMethodError'{0x00000000d66f13d8}: 'java.lang.Object java.lang.invoke.DirectMethodHandle$Holder.invokeSpecial(java.lang.Object, java.lang.Object, java.lang.Object, java.lang.Object, int, java.lang.Object)'> (0x00000000d66f13d8) 
thrown [s\src\hotspot\share\interpreter\linkResolver.cpp, line 773]
Event: 4.319 Thread 0x000001ac0469cdf0 Exception <a 'java/lang/NoSuchMethodError'{0x00000000d66f4f18}: 'java.lang.Object java.lang.invoke.Invokers$Holder.linkToTargetMethod(java.lang.Object, java.lang.Object, int, java.lang.Object, java.lang.Object)'> (0x00000000d66f4f18) 
thrown [s\src\hotspot\share\interpreter\linkResolver.cpp, line 773]
Event: 4.319 Thread 0x000001ac04ab6c10 Exception <a 'java/lang/NoSuchMethodError'{0x00000000d661cbf0}: 'java.lang.Object java.lang.invoke.DirectMethodHandle$Holder.invokeSpecial(java.lang.Object, java.lang.Object, int, java.lang.Object, java.lang.Object)'> (0x00000000d661cbf0) 
thrown [s\src\hotspot\share\interpreter\linkResolver.cpp, line 773]
Event: 4.320 Thread 0x000001ac04ab6c10 Exception <a 'java/lang/NoSuchMethodError'{0x00000000d6623928}: 'java.lang.Object java.lang.invoke.DirectMethodHandle$Holder.newInvokeSpecial(java.lang.Object, java.lang.Object, int, java.lang.Object)'> (0x00000000d6623928) 
thrown [s\src\hotspot\share\interpreter\linkResolver.cpp, line 773]
Event: 4.320 Thread 0x000001ac04ab6c10 Exception <a 'java/lang/NoSuchMethodError'{0x00000000d6627208}: 'java.lang.Object java.lang.invoke.DirectMethodHandle$Holder.invokeSpecial(java.lang.Object, java.lang.Object, java.lang.Object, int, java.lang.Object)'> (0x00000000d6627208) 
thrown [s\src\hotspot\share\interpreter\linkResolver.cpp, line 773]
Event: 4.337 Thread 0x000001ac0469cdf0 Exception <a 'java/lang/NoSuchMethodError'{0x00000000d6814ee0}: 'void java.lang.invoke.DirectMethodHandle$Holder.invokeSpecial(java.lang.Object, java.lang.Object, java.lang.Object, java.lang.Object, java.lang.Object)'> (0x00000000d6814ee0) 
thrown [s\src\hotspot\share\interpreter\linkResolver.cpp, line 773]

ZGC Phase Switch (0 events):
No events

VM Operations (20 events):
Event: 2.534 Executing safepoint VM operation: ICBufferFull
Event: 2.534 Executing safepoint VM operation: ICBufferFull done
Event: 2.683 Executing safepoint VM operation: ParallelGCFailedAllocation (Allocation Failure)
Event: 2.691 Executing safepoint VM operation: ParallelGCFailedAllocation (Allocation Failure) done
Event: 2.888 Executing non-safepoint VM operation: HandshakeAllThreads (Deoptimize)
Event: 2.888 Executing non-safepoint VM operation: HandshakeAllThreads (Deoptimize) done
Event: 3.240 Executing non-safepoint VM operation: HandshakeAllThreads (Deoptimize)
Event: 3.240 Executing non-safepoint VM operation: HandshakeAllThreads (Deoptimize) done
Event: 3.482 Executing safepoint VM operation: ParallelGCFailedAllocation (Allocation Failure)
Event: 3.487 Executing safepoint VM operation: ParallelGCFailedAllocation (Allocation Failure) done
Event: 3.602 Executing non-safepoint VM operation: HandshakeAllThreads (Deoptimize)
Event: 3.602 Executing non-safepoint VM operation: HandshakeAllThreads (Deoptimize) done
Event: 3.634 Executing non-safepoint VM operation: HandshakeAllThreads (Deoptimize)
Event: 3.634 Executing non-safepoint VM operation: HandshakeAllThreads (Deoptimize) done
Event: 3.662 Executing non-safepoint VM operation: HandshakeAllThreads (Deoptimize)
Event: 3.662 Executing non-safepoint VM operation: HandshakeAllThreads (Deoptimize) done
Event: 3.958 Executing non-safepoint VM operation: HandshakeAllThreads (Deoptimize)
Event: 3.958 Executing non-safepoint VM operation: HandshakeAllThreads (Deoptimize) done
Event: 4.222 Executing non-safepoint VM operation: HandshakeAllThreads (Deoptimize)
Event: 4.222 Executing non-safepoint VM operation: HandshakeAllThreads (Deoptimize) done

Memory protections (0 events):
No events

Nmethod flushes (0 events):
No events

Events (20 events):
Event: 0.077 Thread 0x000001ac26f1ea40 Thread added: 0x000001ac26e13100
Event: 0.078 Thread 0x000001ac26f1ea40 Thread added: 0x000001ac26e475a0
Event: 0.171 Thread 0x000001ac26f1ea40 Thread added: 0x000001ac7f6ba080
Event: 0.651 Thread 0x000001ac26f1ea40 Thread added: 0x000001ac7f7f28b0
Event: 0.768 Thread 0x000001ac26e13100 Thread added: 0x000001ac7f857c10
Event: 1.167 Thread 0x000001ac7f857c10 Thread exited: 0x000001ac7f857c10
Event: 1.311 Thread 0x000001ac26e475a0 Thread added: 0x000001ac042751b0
Event: 1.760 Thread 0x000001ac042751b0 Thread exited: 0x000001ac042751b0
Event: 1.939 Thread 0x000001ac26e475a0 Thread added: 0x000001ac04054e40
Event: 2.338 Thread 0x000001ac04054e40 Thread exited: 0x000001ac04054e40
Event: 2.369 Thread 0x000001ac26f1ea40 Thread added: 0x000001ac0460f170
Event: 2.622 Thread 0x000001ac26f1ea40 Thread added: 0x000001ac0461aa50
Event: 2.627 Thread 0x000001ac26f1ea40 Thread added: 0x000001ac0469cdf0
Event: 2.714 Thread 0x000001ac0469cdf0 Thread added: 0x000001ac04891bc0
Event: 2.997 Thread 0x000001ac26e13100 Thread added: 0x000001ac048fdac0
Event: 3.275 Thread 0x000001ac0469cdf0 Thread added: 0x000001ac047e7df0
Event: 4.219 Thread 0x000001ac048fdac0 Thread exited: 0x000001ac048fdac0
Event: 4.238 Thread 0x000001ac0469cdf0 Thread added: 0x000001ac048fdac0
Event: 4.293 Thread 0x000001ac0469cdf0 Thread added: 0x000001ac04ab6c10
Event: 4.320 Thread 0x000001ac0469cdf0 Thread added: 0x000001ac04ad88f0


Dynamic libraries:
0x00007ff7e2960000 - 0x00007ff7e296e000 	c:\Users\user\.vscode\extensions\redhat.java-1.56.0-win32-x64\jre\21.0.12.1-win32-x86_64\bin\java.exe
0x00007ffe223c0000 - 0x00007ffe22628000 	C:\WINDOWS\SYSTEM32\ntdll.dll
0x00007ffe214c0000 - 0x00007ffe21589000 	C:\WINDOWS\System32\KERNEL32.DLL
0x00007ffe1fc10000 - 0x00007ffe20001000 	C:\WINDOWS\System32\KERNELBASE.dll
0x00007ffe20010000 - 0x00007ffe2015b000 	C:\WINDOWS\System32\ucrtbase.dll
0x00007ffe055d0000 - 0x00007ffe055ee000 	c:\Users\user\.vscode\extensions\redhat.java-1.56.0-win32-x64\jre\21.0.12.1-win32-x86_64\bin\VCRUNTIME140.dll
0x00007ffe04620000 - 0x00007ffe04638000 	c:\Users\user\.vscode\extensions\redhat.java-1.56.0-win32-x64\jre\21.0.12.1-win32-x86_64\bin\jli.dll
0x00007ffe207f0000 - 0x00007ffe209b6000 	C:\WINDOWS\System32\USER32.dll
0x00007ffe1ee20000 - 0x00007ffe1ee47000 	C:\WINDOWS\System32\win32u.dll
0x00007ffe0c860000 - 0x00007ffe0caf3000 	C:\WINDOWS\WinSxS\amd64_microsoft.windows.common-controls_6595b64144ccf1df_6.0.26100.7824_none_3e0870b2e3345462\COMCTL32.dll
0x00007ffe20160000 - 0x00007ffe2018b000 	C:\WINDOWS\System32\GDI32.dll
0x00007ffe222d0000 - 0x00007ffe22379000 	C:\WINDOWS\System32\msvcrt.dll
0x00007ffe1f080000 - 0x00007ffe1f1ab000 	C:\WINDOWS\System32\gdi32full.dll
0x00007ffe1fb60000 - 0x00007ffe1fc03000 	C:\WINDOWS\System32\msvcp_win.dll
0x00007ffe20320000 - 0x00007ffe20351000 	C:\WINDOWS\System32\IMM32.DLL
0x00007ffe16e90000 - 0x00007ffe16e9c000 	c:\Users\user\.vscode\extensions\redhat.java-1.56.0-win32-x64\jre\21.0.12.1-win32-x86_64\bin\vcruntime140_1.dll
0x00007ffdf46d0000 - 0x00007ffdf475d000 	c:\Users\user\.vscode\extensions\redhat.java-1.56.0-win32-x64\jre\21.0.12.1-win32-x86_64\bin\msvcp140.dll
0x00007ffdb3ac0000 - 0x00007ffdb4862000 	c:\Users\user\.vscode\extensions\redhat.java-1.56.0-win32-x64\jre\21.0.12.1-win32-x86_64\bin\server\jvm.dll
0x00007ffe21120000 - 0x00007ffe211d4000 	C:\WINDOWS\System32\ADVAPI32.dll
0x00007ffe215c0000 - 0x00007ffe21666000 	C:\WINDOWS\System32\sechost.dll
0x00007ffe213a0000 - 0x00007ffe214b8000 	C:\WINDOWS\System32\RPCRT4.dll
0x00007ffe20270000 - 0x00007ffe202e4000 	C:\WINDOWS\System32\WS2_32.dll
0x00007ffe1e950000 - 0x00007ffe1e9ae000 	C:\WINDOWS\SYSTEM32\POWRPROF.dll
0x00007ffe13320000 - 0x00007ffe13355000 	C:\WINDOWS\SYSTEM32\WINMM.dll
0x00007ffe0a410000 - 0x00007ffe0a41b000 	C:\WINDOWS\SYSTEM32\VERSION.dll
0x00007ffe1e930000 - 0x00007ffe1e944000 	C:\WINDOWS\SYSTEM32\UMPDC.dll
0x00007ffe1da40000 - 0x00007ffe1da5b000 	C:\WINDOWS\SYSTEM32\kernel.appcore.dll
0x00007ffe15e90000 - 0x00007ffe15e9a000 	c:\Users\user\.vscode\extensions\redhat.java-1.56.0-win32-x64\jre\21.0.12.1-win32-x86_64\bin\jimage.dll
0x00007ffe09d30000 - 0x00007ffe09f72000 	C:\WINDOWS\SYSTEM32\DBGHELP.DLL
0x00007ffe209c0000 - 0x00007ffe20d46000 	C:\WINDOWS\System32\combase.dll
0x00007ffe20f40000 - 0x00007ffe21017000 	C:\WINDOWS\System32\OLEAUT32.dll
0x00007ffe03570000 - 0x00007ffe035ab000 	C:\WINDOWS\SYSTEM32\dbgcore.DLL
0x00007ffe1fa20000 - 0x00007ffe1fac5000 	C:\WINDOWS\System32\bcryptPrimitives.dll
0x00007ffe15c20000 - 0x00007ffe15c2f000 	c:\Users\user\.vscode\extensions\redhat.java-1.56.0-win32-x64\jre\21.0.12.1-win32-x86_64\bin\instrument.dll
0x00007ffdf46b0000 - 0x00007ffdf46d0000 	c:\Users\user\.vscode\extensions\redhat.java-1.56.0-win32-x64\jre\21.0.12.1-win32-x86_64\bin\java.dll
0x00007ffe21b70000 - 0x00007ffe222c2000 	C:\WINDOWS\System32\SHELL32.dll
0x00007ffe1ee50000 - 0x00007ffe1efba000 	C:\WINDOWS\System32\wintypes.dll
0x00007ffe1f1b0000 - 0x00007ffe1fa13000 	C:\WINDOWS\System32\windows.storage.dll
0x00007ffe212a0000 - 0x00007ffe21396000 	C:\WINDOWS\System32\SHCORE.dll
0x00007ffe21a70000 - 0x00007ffe21ad7000 	C:\WINDOWS\System32\shlwapi.dll
0x00007ffe1ebc0000 - 0x00007ffe1ebe9000 	C:\WINDOWS\SYSTEM32\profapi.dll
0x00007ffdf4690000 - 0x00007ffdf46a8000 	c:\Users\user\.vscode\extensions\redhat.java-1.56.0-win32-x64\jre\21.0.12.1-win32-x86_64\bin\zip.dll
0x00007ffe0e070000 - 0x00007ffe0e080000 	C:\Users\user\.vscode\extensions\redhat.java-1.56.0-win32-x64\jre\21.0.12.1-win32-x86_64\bin\net.dll
0x00007ffe0cc60000 - 0x00007ffe0cd87000 	C:\WINDOWS\SYSTEM32\WINHTTP.dll
0x00007ffe1dfb0000 - 0x00007ffe1e01b000 	C:\WINDOWS\system32\mswsock.dll
0x00007ffdf4670000 - 0x00007ffdf4686000 	C:\Users\user\.vscode\extensions\redhat.java-1.56.0-win32-x64\jre\21.0.12.1-win32-x86_64\bin\nio.dll
0x00007ffe0cbb0000 - 0x00007ffe0cbc0000 	c:\Users\user\.vscode\extensions\redhat.java-1.56.0-win32-x64\jre\21.0.12.1-win32-x86_64\bin\verify.dll
0x00007ffdf4620000 - 0x00007ffdf4665000 	C:\Users\user\AppData\Roaming\Code\User\globalStorage\redhat.java\1.56.0\config_ss_win\org.eclipse.equinox.launcher\org.eclipse.equinox.launcher.win32.win32.x86_64_1.3.100.v20260804-1928\eclipse_11924.dll
0x00007ffe216e0000 - 0x00007ffe21877000 	C:\WINDOWS\System32\ole32.dll
0x00007ffe1e280000 - 0x00007ffe1e29b000 	C:\WINDOWS\SYSTEM32\CRYPTSP.dll
0x00007ffe1d9a0000 - 0x00007ffe1d9d9000 	C:\WINDOWS\system32\rsaenh.dll
0x00007ffe1e060000 - 0x00007ffe1e08b000 	C:\WINDOWS\SYSTEM32\USERENV.dll
0x00007ffe1eb90000 - 0x00007ffe1ebba000 	C:\WINDOWS\SYSTEM32\bcrypt.dll
0x00007ffe1e900000 - 0x00007ffe1e90c000 	C:\WINDOWS\SYSTEM32\CRYPTBASE.dll
0x00007ffe1d510000 - 0x00007ffe1d544000 	C:\WINDOWS\SYSTEM32\IPHLPAPI.DLL
0x00007ffe215b0000 - 0x00007ffe215ba000 	C:\WINDOWS\System32\NSI.dll
0x00007ffde59c0000 - 0x00007ffde5a09000 	C:\Users\user\AppData\Local\Temp\jna-3599307\jna5485741688886247796.dll
0x00007ffe21670000 - 0x00007ffe21678000 	C:\WINDOWS\System32\PSAPI.DLL

JVMTI agents:
c:\Users\user\.vscode\extensions\redhat.java-1.56.0-win32-x64\lombok\lombok-1.18.39-4050.jar path:c:\Users\user\.vscode\extensions\redhat.java-1.56.0-win32-x64\jre\21.0.12.1-win32-x86_64\bin\instrument.dll, loaded, initialized, instrumentlib options:none

dbghelp: loaded successfully - version: 4.0.5 - missing functions: none
symbol engine: initialized successfully - sym options: 0x614 - pdb path: .;c:\Users\user\.vscode\extensions\redhat.java-1.56.0-win32-x64\jre\21.0.12.1-win32-x86_64\bin;C:\WINDOWS\SYSTEM32;C:\WINDOWS\WinSxS\amd64_microsoft.windows.common-controls_6595b64144ccf1df_6.0.26100.7824_none_3e0870b2e3345462;c:\Users\user\.vscode\extensions\redhat.java-1.56.0-win32-x64\jre\21.0.12.1-win32-x86_64\bin\server;C:\Users\user\AppData\Roaming\Code\User\globalStorage\redhat.java\1.56.0\config_ss_win\org.eclipse.equinox.launcher\org.eclipse.equinox.launcher.win32.win32.x86_64_1.3.100.v20260804-1928;C:\Users\user\AppData\Local\Temp\jna-3599307

VM Arguments:
jvm_args: --add-modules=ALL-SYSTEM --add-opens=java.base/java.util=ALL-UNNAMED --add-opens=java.base/java.lang=ALL-UNNAMED --add-opens=java.base/sun.nio.fs=ALL-UNNAMED -Declipse.application=org.eclipse.jdt.ls.core.id1 -Dosgi.bundles.defaultStartLevel=4 -Declipse.product=org.eclipse.jdt.ls.core.product -Djava.import.generatesMetadataFilesAtProjectRoot=false -Dm2e.project.cache.size=50 -DDetectVMInstallationsJob.disabled=true -Dfile.encoding=utf8 -XX:+UseParallelGC -XX:GCTimeRatio=4 -XX:AdaptiveSizePolicyWeight=90 -Dsun.zip.disableMemoryMapping=true -Xmx2G -Xms100m -Xlog:disable -javaagent:c:\Users\user\.vscode\extensions\redhat.java-1.56.0-win32-x64\lombok\lombok-1.18.39-4050.jar 
java_command: c:\Users\user\.vscode\extensions\redhat.java-1.56.0-win32-x64\server\plugins\org.eclipse.equinox.launcher_1.8.0.v20260804-1928.jar -configuration c:\Users\user\AppData\Roaming\Code\User\globalStorage\redhat.java\1.56.0\config_ss_win -data c:\Users\user\AppData\Roaming\Code\User\workspaceStorage\770e35ca86616f1eaf69979a4e76e1bf\redhat.java\ss_ws --pipe=\\.\pipe\lsp-513a2e741c9d3e52678525235fe007de-sock
java_class_path (initial): c:\Users\user\.vscode\extensions\redhat.java-1.56.0-win32-x64\server\plugins\org.eclipse.equinox.launcher_1.8.0.v20260804-1928.jar
Launcher Type: SUN_STANDARD

[Global flags]
    uintx AdaptiveSizePolicyWeight                 = 90                                        {product} {command line}
     intx CICompilerCount                          = 3                                         {product} {ergonomic}
    uintx GCTimeRatio                              = 4                                         {product} {command line}
   size_t InitialHeapSize                          = 104857600                                 {product} {command line}
   size_t MaxHeapSize                              = 2147483648                                {product} {command line}
   size_t MaxNewSize                               = 715653120                                 {product} {ergonomic}
   size_t MinHeapDeltaBytes                        = 524288                                    {product} {ergonomic}
   size_t MinHeapSize                              = 104857600                                 {product} {command line}
   size_t NewSize                                  = 34603008                                  {product} {ergonomic}
    uintx NonNMethodCodeHeapSize                   = 5832780                                {pd product} {ergonomic}
    uintx NonProfiledCodeHeapSize                  = 122912730                              {pd product} {ergonomic}
   size_t OldSize                                  = 70254592                                  {product} {ergonomic}
    uintx ProfiledCodeHeapSize                     = 122912730                              {pd product} {ergonomic}
    uintx ReservedCodeCacheSize                    = 251658240                              {pd product} {ergonomic}
     bool SegmentedCodeCache                       = true                                      {product} {ergonomic}
   size_t SoftMaxHeapSize                          = 2147483648                             {manageable} {ergonomic}
     bool UseCompressedOops                        = true                           {product lp64_product} {ergonomic}
     bool UseLargePagesIndividualAllocation        = false                                  {pd product} {ergonomic}
     bool UseParallelGC                            = true                                      {product} {command line}

Logging:
Log output configuration:
 #0: stdout all=off uptime,level,tags foldmultilines=false
 #1: stderr all=off uptime,level,tags foldmultilines=false

Release file:
JAVA_VERSION="21.0.12.1" 
MODULES="java.base java.compiler java.datatransfer java.xml java.prefs java.desktop java.instrument java.logging java.management java.security.sasl java.naming java.rmi java.management.rmi java.net.http java.scripting java.security.jgss java.transaction.xa java.sql java.sql.rowset java.xml.crypto java.se java.smartcardio jdk.accessibility jdk.internal.jvmstat jdk.attach jdk.charsets jdk.internal.opt jdk.zipfs jdk.compiler jdk.crypto.ec jdk.crypto.cryptoki jdk.crypto.mscapi jdk.dynalink jdk.internal.ed jdk.editpad jdk.hotspot.agent jdk.httpserver jdk.internal.le jdk.internal.vm.ci jdk.internal.vm.compiler jdk.internal.vm.compiler.management jdk.jartool jdk.javadoc jdk.jcmd jdk.management jdk.management.agent jdk.jconsole jdk.jdeps jdk.jdwp.agent jdk.jdi jdk.jfr jdk.jshell jdk.jsobject jdk.jstatd jdk.localedata jdk.management.jfr jdk.naming.dns jdk.naming.rmi jdk.net jdk.nio.mapmode jdk.random jdk.sctp jdk.security.auth jdk.security.jgss jdk.unsupported jdk.unsupported.desktop jdk.xml.dom" 

Environment Variables:
PATH=C:\Program Files\Common Files\Oracle\Java\javapath;C:\WINDOWS\system32;C:\WINDOWS;C:\WINDOWS\System32\Wbem;C:\WINDOWS\System32\WindowsPowerShell\v1.0\;C:\WINDOWS\System32\OpenSSH\;C:\Program Files\dotnet\;C:\MinGW\bin;C:\Program Files\Git\cmd;D:\All Program Files\node js\;C:\Program Files\Tailscale\;C:\Users\user\AppData\Local\Programs\Python\Python313\Scripts\;C:\Users\user\AppData\Local\Programs\Python\Python313\;C:\Users\user\AppData\Local\Programs\Python\Launcher\;C:\Users\user\AppData\Local\Microsoft\WindowsApps;C:\Users\user\AppData\Local\Programs\Microsoft VS Code\bin;C:\Program Files\Java\jdk-25.0.2\bin;D:\All Program Files\Kiro\Kiro\bin;C:\Users\user\AppData\Roaming\npm
USERNAME=user
OS=Windows_NT
PROCESSOR_IDENTIFIER=Intel64 Family 6 Model 140 Stepping 1, GenuineIntel
TMP=C:\Users\user\AppData\Local\Temp
TEMP=C:\Users\user\AppData\Local\Temp




Periodic native trim disabled

---------------  S Y S T E M  ---------------

OS:
 Windows 11 , 64 bit Build 26100 (10.0.26100.7705)
OS uptime: 0 days 10:29 hours

CPU: total 4 (initial active 4) (2 cores per cpu, 2 threads per core) family 6 model 140 stepping 1 microcode 0x86, cx8, cmov, fxsr, ht, mmx, 3dnowpref, sse, sse2, sse3, ssse3, sse4.1, sse4.2, popcnt, lzcnt, tsc, tscinvbit, avx, avx2, aes, erms, clmul, bmi1, bmi2, adx, avx512f, avx512dq, avx512cd, avx512bw, avx512vl, sha, fma, vzeroupper, avx512_vpopcntdq, avx512_vpclmulqdq, avx512_vaes, avx512_vnni, clflush, clflushopt, clwb, avx512_vbmi2, avx512_vbmi, rdtscp, rdpid, fsrm, gfni, avx512_bitalg, f16c, pku, cet_ibt, cet_ss, avx512_ifma
Processor Information for the first 4 processors :
  Max Mhz: 2995, Current Mhz: 2995, Mhz Limit: 2995

Memory: 4k page, system-wide physical 7886M (860M free)
TotalPageFile size 19753M (AvailPageFile size 1M)
current process WorkingSet (physical memory assigned to process): 119M, peak: 119M
current process commit charge ("private bytes"): 246M, peak: 246M

vm_info: OpenJDK 64-Bit Server VM (21.0.12.1+1-LTS) for windows-amd64 JRE (21.0.12.1+1-LTS), built on 2026-08-18T00:00:00Z by "admin" with MS VC++ 17.12 (VS2022)

END.
